<html>
<body>
<pre>
<h1>µVision Build Log</h1>
<h2>Tool Versions:</h2>
IDE-Version: ¦ÌVision V5.20.0.0
Copyright (C) 2016 ARM Ltd and ARM Germany GmbH. All rights reserved.
License Information: shuixiu Microsoft, Microsoft, LIC=TIVEV-P7IZN-G7AR6-DKBDA-0ZQPV-ZGW19
 
Tool Versions:
Toolchain:       MDK-ARM Plus  Version: 5.20
Toolchain Path:  C:\Keil_v5\ARM\ARMCC\Bin
C Compiler:      Armcc.exe V5.06 update 2 (build 183)
Assembler:       Armasm.exe V5.06 update 2 (build 183)
Linker/Locator:  ArmLink.exe V5.06 update 2 (build 183)
Library Manager: ArmAr.exe V5.06 update 2 (build 183)
Hex Converter:   FromElf.exe V5.06 update 2 (build 183)
CPU DLL:         
Dialog DLL:      
Target DLL:      Segger\JL2CM3.dll V2.99.20.0
Dialog DLL:      TCM.DLL V1.14.9.0
 
<h2>Project:</h2>
C:\Users\idea\Desktop\BLE_52832_Controller\ble_app_controller_s132_with_dfu_pca10040.uvprojx
Project File Date:  06/12/2016

<h2>Output:</h2>
*** Using Compiler 'V5.06 update 2 (build 183)', folder: 'C:\Keil_v5\ARM\ARMCC\Bin'
Build target 's132_pca10040'
compiling main.c...
main.c(353): warning:  #550-D: variable "dis_data" was set but never used
  	  uint8_t dis_data[20];
main.c(389): warning:  #167-D: argument of type "const volatile uint32_t *" is incompatible with parameter of type "const void *restrict"
      memcpy(FICR_CONFIG_ID, 
RF_FICR->DEVICEID, 8);
main.c(390): warning:  #167-D: argument of type "const volatile uint32_t *" is incompatible with parameter of type "const void *restrict"
      memcpy(addr, 
RF_FICR->DEVICEADDR, 8);
main.c(392): warning:  #167-D: argument of type "uint8_t *" is incompatible with parameter of type "char *restrict"
      sprintf(HWID_Str, "%04X%04X %uK %uK %u", FICR_CONFIG_ID[1], FICR_CONFIG_ID[0],
RF_FICR->INFO.RAM,
RF_FICR->INFO.FLASH,
RF_FICR->INFO.VARIANT);
main.c(393): warning:  #167-D: argument of type "uint8_t *" is incompatible with parameter of type "char *restrict"
      sprintf(FWID_Str, "%02X%02X", FICR_CONFIG_ID[3], FICR_CONFIG_ID[2]);
main.c(394): warning:  #167-D: argument of type "uint8_t *" is incompatible with parameter of type "char *restrict"
      sprintf(BLE_ADDR, "%02X:%02X:%02X:%02X:%02X:%02X", addr[5], addr[4], addr[3], addr[2], addr[1], addr[0]);
main.c(395): warning:  #167-D: argument of type "uint8_t *" is incompatible with parameter of type "char *restrict"
  	  sprintf(SW_VERSION, "%s", 
IT_VERSION);
main.c(874): warning:  #550-D: variable "encodeLen" was set but never used
    uint32_t  encodeLen = 0;
main.c(882): warning:  #550-D: variable "radioStrength_once" was set but never used
    uint32_t  radioStrength_once = 0;
main.c(1008): warning:  #177-D: variable "send" was declared but never referenced
  	  uint8_t   send[10] = {1,2,3,4,5,6,7,8,9,0};
main.c(110): warning:  #177-D: variable "device_name_with_addr" was declared but never referenced
  static uint8_t device_name_with_addr[32] = {0};
main.c: 11 warnings, 0 errors
linking...
Program Size: Code=28724 RO-data=1488 RW-data=1088 ZI-data=11640  
FromELF: creating hex file...
".\_build\s132_pca10040.axf" - 0 Error(s), 11 Warning(s).

<h2>Software Packages used:</h2>

Package Vendor: ARM
                http://www.keil.com/pack/ARM.CMSIS.4.5.0.pack
                ARM::CMSIS:CORE:4.3.0
                CMSIS (Cortex Microcontroller Software Interface Standard)
   * Component: CORE Version: 4.3.0

Package Vendor: NordicSemiconductor
                http://developer.nordicsemi.com/nRF5_SDK/pieces/nRF_DeviceFamilyPack/NordicSemiconductor.nRF_DeviceFamilyPack.8.5.0.pack
                NordicSemiconductor::Device:Startup:8.5.0
                Nordic Semiconductor nRF ARM devices Device Family Pack.
   * Component: Startup Version: 8.5.0

<h2>Collection of Component include folders:</h2>
  C:\Users\idea\Desktop\BLE_52832_Controller\RTE
  C:\Keil_v5\ARM\PACK\ARM\CMSIS\4.5.0\CMSIS\Include
  C:\Keil_v5\ARM\PACK\NordicSemiconductor\nRF_DeviceFamilyPack\8.5.0\Device\Include
  C:\Keil_v5\ARM\PACK\NordicSemiconductor\nRF_DeviceFamilyPack\8.6.0\Device\Include

<h2>Collection of Component Files used:</h2>

   * Component: ARM::CMSIS:CORE:4.3.0

   * Component: NordicSemiconductor::Device:Startup:8.5.0
      Source file:   Device\Source\arm\arm_startup_nrf52.s
      Source file:   Device\Source\system_nrf52.c
      Include file:  Device\Include\system_nrf52.h
Build Time Elapsed:  00:00:07
</pre>
</body>
</html>
