Component: ARM Compiler 5.06 update 2 (build 183) Tool: armlink [4d35b7]

==============================================================================

Section Cross References

    main.o(i.app_context_load) refers to device_manager_peripheral.o(i.dm_application_context_get) for dm_application_context_get
    main.o(i.app_context_load) refers to app_error.o(i.app_error_handler_bare) for app_error_handler_bare
    main.o(i.app_context_load) refers to device_manager_peripheral.o(i.dm_application_context_delete) for dm_application_context_delete
    main.o(i.app_context_load) refers to main.o(.data) for .data
    main.o(i.assert_nrf_callback) refers to app_error.o(i.app_error_handler) for app_error_handler
    main.o(i.ble_evt_dispatch) refers to device_manager_peripheral.o(i.dm_ble_evt_handler) for dm_ble_evt_handler
    main.o(i.ble_evt_dispatch) refers to ble_hrs.o(i.ble_hrs_on_ble_evt) for ble_hrs_on_ble_evt
    main.o(i.ble_evt_dispatch) refers to ble_conn_params.o(i.ble_conn_params_on_ble_evt) for ble_conn_params_on_ble_evt
    main.o(i.ble_evt_dispatch) refers to bsp_btn_ble.o(i.bsp_btn_ble_on_ble_evt) for bsp_btn_ble_on_ble_evt
    main.o(i.ble_evt_dispatch) refers to ble_dfu.o(i.ble_dfu_on_ble_evt) for ble_dfu_on_ble_evt
    main.o(i.ble_evt_dispatch) refers to bsp.o(i.bsp_indication_set) for bsp_indication_set
    main.o(i.ble_evt_dispatch) refers to app_error.o(i.app_error_handler_bare) for app_error_handler_bare
    main.o(i.ble_evt_dispatch) refers to ble_advertising.o(i.ble_advertising_on_ble_evt) for ble_advertising_on_ble_evt
    main.o(i.ble_evt_dispatch) refers to main.o(.bss) for .bss
    main.o(i.ble_evt_dispatch) refers to main.o(.data) for .data
    main.o(i.ble_stack_init) refers to softdevice_handler.o(i.softdevice_handler_init) for softdevice_handler_init
    main.o(i.ble_stack_init) refers to app_error.o(i.app_error_handler_bare) for app_error_handler_bare
    main.o(i.ble_stack_init) refers to softdevice_handler.o(i.softdevice_enable_get_default_config) for softdevice_enable_get_default_config
    main.o(i.ble_stack_init) refers to softdevice_handler.o(i.sd_check_ram_start) for sd_check_ram_start
    main.o(i.ble_stack_init) refers to softdevice_handler.o(i.softdevice_enable) for softdevice_enable
    main.o(i.ble_stack_init) refers to softdevice_handler.o(i.softdevice_ble_evt_handler_set) for softdevice_ble_evt_handler_set
    main.o(i.ble_stack_init) refers to softdevice_handler.o(i.softdevice_sys_evt_handler_set) for softdevice_sys_evt_handler_set
    main.o(i.ble_stack_init) refers to main.o(.constdata) for .constdata
    main.o(i.ble_stack_init) refers to main.o(.bss) for .bss
    main.o(i.ble_stack_init) refers to main.o(i.ble_evt_dispatch) for ble_evt_dispatch
    main.o(i.ble_stack_init) refers to main.o(i.sys_evt_dispatch) for sys_evt_dispatch
    main.o(i.bsp_event_handler) refers to main.o(i.sleep_mode_enter) for sleep_mode_enter
    main.o(i.bsp_event_handler) refers to app_error.o(i.app_error_handler_bare) for app_error_handler_bare
    main.o(i.bsp_event_handler) refers to ble_advertising.o(i.ble_advertising_restart_without_whitelist) for ble_advertising_restart_without_whitelist
    main.o(i.bsp_event_handler) refers to main.o(.data) for .data
    main.o(i.buttons_leds_init) refers to bsp.o(i.bsp_init) for bsp_init
    main.o(i.buttons_leds_init) refers to app_error.o(i.app_error_handler_bare) for app_error_handler_bare
    main.o(i.buttons_leds_init) refers to bsp_btn_ble.o(i.bsp_btn_ble_init) for bsp_btn_ble_init
    main.o(i.buttons_leds_init) refers to main.o(i.bsp_event_handler) for bsp_event_handler
    main.o(i.conn_params_error_handler) refers to app_error.o(i.app_error_handler_bare) for app_error_handler_bare
    main.o(i.device_manager_evt_handler) refers to app_error.o(i.app_error_handler_bare) for app_error_handler_bare
    main.o(i.device_manager_evt_handler) refers to main.o(i.app_context_load) for app_context_load
    main.o(i.device_manager_init) refers to pstorage.o(i.pstorage_init) for pstorage_init
    main.o(i.device_manager_init) refers to app_error.o(i.app_error_handler_bare) for app_error_handler_bare
    main.o(i.device_manager_init) refers to device_manager_peripheral.o(i.dm_init) for dm_init
    main.o(i.device_manager_init) refers to device_manager_peripheral.o(i.dm_register) for dm_register
    main.o(i.device_manager_init) refers to main.o(i.device_manager_evt_handler) for device_manager_evt_handler
    main.o(i.device_manager_init) refers to main.o(.data) for .data
    main.o(i.gap_params_init) refers to app_error.o(i.app_error_handler_bare) for app_error_handler_bare
    main.o(i.heart_rate_meas_timeout_handler) refers to ble_hrs.o(i.ble_hrs_heart_rate_measurement_send) for ble_hrs_heart_rate_measurement_send
    main.o(i.heart_rate_meas_timeout_handler) refers to app_error.o(i.app_error_handler_bare) for app_error_handler_bare
    main.o(i.heart_rate_meas_timeout_handler) refers to main.o(.data) for .data
[...]
    no_service_context_store                 0x00020edd   Thumb Code     4  device_manager_peripheral.o(i.no_service_context_store)
    i.nrf_delay_ms                           0x00020ee0   Section        0  nrf_delay.o(i.nrf_delay_ms)
    i.nrf_drv_common_irq_enable              0x00020efa   Section        0  nrf_drv_common.o(i.nrf_drv_common_irq_enable)
    i.nrf_drv_gpiote_in_event_enable         0x00020f34   Section        0  nrf_drv_gpiote.o(i.nrf_drv_gpiote_in_event_enable)
    i.nrf_drv_gpiote_in_init                 0x00020fd8   Section        0  nrf_drv_gpiote.o(i.nrf_drv_gpiote_in_init)
    i.nrf_drv_gpiote_in_is_set               0x00021090   Section        0  nrf_drv_gpiote.o(i.nrf_drv_gpiote_in_is_set)
    i.nrf_drv_gpiote_init                    0x000210a4   Section        0  nrf_drv_gpiote.o(i.nrf_drv_gpiote_init)
    i.nrf_drv_gpiote_is_init                 0x000210f8   Section        0  nrf_drv_gpiote.o(i.nrf_drv_gpiote_is_init)
    i.nrf_gpio_cfg                           0x0002110c   Section        0  nrf_drv_gpiote.o(i.nrf_gpio_cfg)
    nrf_gpio_cfg                             0x0002110d   Thumb Code    34  nrf_drv_gpiote.o(i.nrf_gpio_cfg)
    i.nrf_gpio_cfg_sense_set                 0x0002112e   Section        0  nrf_drv_gpiote.o(i.nrf_gpio_cfg_sense_set)
    nrf_gpio_cfg_sense_set                   0x0002112f   Thumb Code    28  nrf_drv_gpiote.o(i.nrf_gpio_cfg_sense_set)
    i.nrf_gpiote_event_clear                 0x0002114c   Section        0  nrf_drv_gpiote.o(i.nrf_gpiote_event_clear)
    nrf_gpiote_event_clear                   0x0002114d   Thumb Code    16  nrf_drv_gpiote.o(i.nrf_gpiote_event_clear)
    i.nrf_gpiote_event_is_set                0x00021160   Section        0  nrf_drv_gpiote.o(i.nrf_gpiote_event_is_set)
    nrf_gpiote_event_is_set                  0x00021161   Thumb Code    12  nrf_drv_gpiote.o(i.nrf_gpiote_event_is_set)
    i.nrf_uart_event_check                   0x00021170   Section        0  nrf_drv_uart.o(i.nrf_uart_event_check)
    nrf_uart_event_check                     0x00021171   Thumb Code    10  nrf_drv_uart.o(i.nrf_uart_event_check)
    i.nrf_uart_int_enable_check              0x0002117a   Section        0  nrf_drv_uart.o(i.nrf_uart_int_enable_check)
    nrf_uart_int_enable_check                0x0002117b   Thumb Code    12  nrf_drv_uart.o(i.nrf_uart_int_enable_check)
    i.nrf_uarte_event_check                  0x00021186   Section        0  nrf_drv_uart.o(i.nrf_uarte_event_check)
    nrf_uarte_event_check                    0x00021187   Thumb Code    10  nrf_drv_uart.o(i.nrf_uarte_event_check)
    i.nus_data_handler                       0x00021190   Section        0  main.o(i.nus_data_handler)
    nus_data_handler                         0x00021191   Thumb Code     2  main.o(i.nus_data_handler)
    i.on_adv_evt                             0x00021192   Section        0  main.o(i.on_adv_evt)
    on_adv_evt                               0x00021193   Thumb Code    36  main.o(i.on_adv_evt)
    i.on_conn_params_evt                     0x000211b8   Section        0  main.o(i.on_conn_params_evt)
    on_conn_params_evt                       0x000211b9   Thumb Code    24  main.o(i.on_conn_params_evt)
    i.on_ctrl_pt_write                       0x000211d4   Section        0  ble_dfu.o(i.on_ctrl_pt_write)
    on_ctrl_pt_write                         0x000211d5   Thumb Code   248  ble_dfu.o(i.on_ctrl_pt_write)
    i.peer_address_exists                    0x000212cc   Section        0  ble_advertising.o(i.peer_address_exists)
    peer_address_exists                      0x000212cd   Thumb Code    20  ble_advertising.o(i.peer_address_exists)
    i.peer_instance_init                     0x000212e0   Section        0  device_manager_peripheral.o(i.peer_instance_init)
    peer_instance_init                       0x000212e1   Thumb Code    60  device_manager_peripheral.o(i.peer_instance_init)
    i.pin_in_use_by_port                     0x00021320   Section        0  nrf_drv_gpiote.o(i.pin_in_use_by_port)
    pin_in_use_by_port                       0x00021321   Thumb Code    20  nrf_drv_gpiote.o(i.pin_in_use_by_port)
    i.pin_in_use_by_te                       0x00021338   Section        0  nrf_drv_gpiote.o(i.pin_in_use_by_te)
    pin_in_use_by_te                         0x00021339   Thumb Code    20  nrf_drv_gpiote.o(i.pin_in_use_by_te)
    i.pnp_id_encode                          0x00021350   Section        0  ble_dis.o(i.pnp_id_encode)
    pnp_id_encode                            0x00021351   Thumb Code    52  ble_dis.o(i.pnp_id_encode)
    i.pstorage_access_status_get             0x00021384   Section        0  pstorage.o(i.pstorage_access_status_get)
    i.pstorage_block_identifier_get          0x000213a8   Section        0  pstorage.o(i.pstorage_block_identifier_get)
    i.pstorage_clear                         0x000213fc   Section        0  pstorage.o(i.pstorage_clear)
    i.pstorage_flash_page_end                0x00021498   Section        0  pstorage.o(i.pstorage_flash_page_end)
    pstorage_flash_page_end                  0x00021499   Thumb Code    30  pstorage.o(i.pstorage_flash_page_end)
    i.pstorage_flash_page_size               0x000214b6   Section        0  pstorage.o(i.pstorage_flash_page_size)
    pstorage_flash_page_size                 0x000214b7   Thumb Code    10  pstorage.o(i.pstorage_flash_page_size)
    i.pstorage_init                          0x000214c0   Section        0  pstorage.o(i.pstorage_init)
    i.pstorage_load                          0x00021520   Section        0  pstorage.o(i.pstorage_load)
    i.pstorage_register                      0x000215c8   Section        0  pstorage.o(i.pstorage_register)
    i.pstorage_store                         0x0002167c   Section        0  pstorage.o(i.pstorage_store)
    i.pstorage_sys_event_handler             0x00021704   Section        0  pstorage.o(i.pstorage_sys_event_handler)
    i.pstorage_update                        0x0002174c   Section        0  pstorage.o(i.pstorage_update)
    i.reset_prepare                          0x000217d4   Section        0  main.o(i.reset_prepare)
    reset_prepare                            0x000217d5   Thumb Code    66  main.o(i.reset_prepare)
    i.rtc1_stop                              0x0002181c   Section        0  app_timer.o(i.rtc1_stop)
    rtc1_stop                                0x0002181d   Thumb Code    52  app_timer.o(i.rtc1_stop)
    i.rx_byte                                0x00021858   Section        0  nrf_drv_uart.o(i.rx_byte)
    rx_byte                                  0x00021859   Thumb Code    38  nrf_drv_uart.o(i.rx_byte)
    i.rx_char_add                            0x00021888   Section        0  ble_hrs.o(i.rx_char_add)
    rx_char_add                              0x00021889   Thumb Code   220  ble_hrs.o(i.rx_char_add)
    i.rx_done_event                          0x00021964   Section        0  nrf_drv_uart.o(i.rx_done_event)
    rx_done_event                            0x00021965   Thumb Code    26  nrf_drv_uart.o(i.rx_done_event)
    i.sd_check_ram_start                     0x00021984   Section        0  softdevice_handler.o(i.sd_check_ram_start)
    i.sd_nvic_EnableIRQ                      0x00021994   Section        0  softdevice_handler.o(i.sd_nvic_EnableIRQ)
    sd_nvic_EnableIRQ                        0x00021995   Thumb Code   128  softdevice_handler.o(i.sd_nvic_EnableIRQ)
    i.service_data_encode                    0x00021a1c   Section        0  ble_advdata.o(i.service_data_encode)
    service_data_encode                      0x00021a1d   Thumb Code   136  ble_advdata.o(i.service_data_encode)
    i.services_init                          0x00021aa4   Section        0  main.o(i.services_init)
    services_init                            0x00021aa5   Thumb Code   350  main.o(i.services_init)
    i.sleep_mode_enter                       0x00021c7c   Section        0  main.o(i.sleep_mode_enter)
    sleep_mode_enter                         0x00021c7d   Thumb Code    40  main.o(i.sleep_mode_enter)
    i.sm_state_change                        0x00021ca4   Section        0  pstorage.o(i.sm_state_change)
    sm_state_change                          0x00021ca5   Thumb Code    52  pstorage.o(i.sm_state_change)
    i.softdevice_ble_evt_handler_set         0x00021ce0   Section        0  softdevice_handler.o(i.softdevice_ble_evt_handler_set)
    i.softdevice_enable                      0x00021cf4   Section        0  softdevice_handler.o(i.softdevice_enable)
    i.softdevice_enable_get_default_config   0x00021d08   Section        0  softdevice_handler.o(i.softdevice_enable_get_default_config)
    i.softdevice_fault_handler               0x00021d2e   Section        0  softdevice_handler.o(i.softdevice_fault_handler)
    i.softdevice_handler_init                0x00021d34   Section        0  softdevice_handler.o(i.softdevice_handler_init)
    i.softdevice_sys_evt_handler_set         0x00021d68   Section        0  softdevice_handler.o(i.softdevice_sys_evt_handler_set)
    i.state_data_erase_swap_entry_run        0x00021d7c   Section        0  pstorage.o(i.state_data_erase_swap_entry_run)
    state_data_erase_swap_entry_run          0x00021d7d   Thumb Code    96  pstorage.o(i.state_data_erase_swap_entry_run)
    i.state_erase_data_page_entry_run        0x00021de4   Section        0  pstorage.o(i.state_erase_data_page_entry_run)
    state_erase_data_page_entry_run          0x00021de5   Thumb Code     8  pstorage.o(i.state_erase_data_page_entry_run)
    i.state_restore_head_entry_run           0x00021df0   Section        0  pstorage.o(i.state_restore_head_entry_run)
    state_restore_head_entry_run             0x00021df1   Thumb Code    38  pstorage.o(i.state_restore_head_entry_run)
    i.state_restore_tail_entry_run           0x00021e1c   Section        0  pstorage.o(i.state_restore_tail_entry_run)
    state_restore_tail_entry_run             0x00021e1d   Thumb Code    72  pstorage.o(i.state_restore_tail_entry_run)
    i.state_swap_erase_entry_run             0x00021e6c   Section        0  pstorage.o(i.state_swap_erase_entry_run)
    state_swap_erase_entry_run               0x00021e6d   Thumb Code    30  pstorage.o(i.state_swap_erase_entry_run)
    i.state_write_data_swap_entry_run        0x00021e8c   Section        0  pstorage.o(i.state_write_data_swap_entry_run)
    state_write_data_swap_entry_run          0x00021e8d   Thumb Code    44  pstorage.o(i.state_write_data_swap_entry_run)
    i.storage_operation_dummy_handler        0x00021ebc   Section        0  device_manager_peripheral.o(i.storage_operation_dummy_handler)
    storage_operation_dummy_handler          0x00021ebd   Thumb Code     4  device_manager_peripheral.o(i.storage_operation_dummy_handler)
    i.store_cmd_flash_write_execute          0x00021ec0   Section        0  pstorage.o(i.store_cmd_flash_write_execute)
    store_cmd_flash_write_execute            0x00021ec1   Thumb Code    84  pstorage.o(i.store_cmd_flash_write_execute)
    i.swap_erase_state_run                   0x00021f1c   Section        0  pstorage.o(i.swap_erase_state_run)
    swap_erase_state_run                     0x00021f1d   Thumb Code    18  pstorage.o(i.swap_erase_state_run)
    i.swap_sub_state_err_busy_process        0x00021f34   Section        0  pstorage.o(i.swap_sub_state_err_busy_process)
    swap_sub_state_err_busy_process          0x00021f35   Thumb Code    16  pstorage.o(i.swap_sub_state_err_busy_process)
    i.swap_sub_state_state_change            0x00021f48   Section        0  pstorage.o(i.swap_sub_state_state_change)
    swap_sub_state_state_change              0x00021f49   Thumb Code    12  pstorage.o(i.swap_sub_state_state_change)
    i.sys_evt_dispatch                       0x00021f5c   Section        0  main.o(i.sys_evt_dispatch)
    sys_evt_dispatch                         0x00021f5d   Thumb Code    18  main.o(i.sys_evt_dispatch)
    i.sys_id_encode                          0x00021f6e   Section        0  ble_dis.o(i.sys_id_encode)
    sys_id_encode                            0x00021f6f   Thumb Code    66  ble_dis.o(i.sys_id_encode)
    i.tail_restore_state_run                 0x00021fb0   Section        0  pstorage.o(i.tail_restore_state_run)
    tail_restore_state_run                   0x00021fb1   Thumb Code    16  pstorage.o(i.tail_restore_state_run)
    i.timer_list_handler                     0x00021fc4   Section        0  app_timer.o(i.timer_list_handler)
    timer_list_handler                       0x00021fc5   Thumb Code   134  app_timer.o(i.timer_list_handler)
    i.timer_list_insert                      0x00022050   Section        0  app_timer.o(i.timer_list_insert)
    timer_list_insert                        0x00022051   Thumb Code    56  app_timer.o(i.timer_list_insert)
    i.timer_timeouts_check                   0x0002208c   Section        0  app_timer.o(i.timer_timeouts_check)
    timer_timeouts_check                     0x0002208d   Thumb Code   124  app_timer.o(i.timer_timeouts_check)
    i.tx_byte                                0x00022110   Section        0  nrf_drv_uart.o(i.tx_byte)
    tx_byte                                  0x00022111   Thumb Code    28  nrf_drv_uart.o(i.tx_byte)
    i.tx_done_event                          0x00022134   Section        0  nrf_drv_uart.o(i.tx_done_event)
    tx_done_event                            0x00022135   Thumb Code    30  nrf_drv_uart.o(i.tx_done_event)
    i.uart_irq_handler                       0x00022158   Section        0  nrf_drv_uart.o(i.uart_irq_handler)
    uart_irq_handler                         0x00022159   Thumb Code   254  nrf_drv_uart.o(i.uart_irq_handler)
    i.uarte_irq_handler                      0x00022260   Section        0  nrf_drv_uart.o(i.uarte_irq_handler)
    uarte_irq_handler                        0x00022261   Thumb Code   206  nrf_drv_uart.o(i.uarte_irq_handler)
    i.uint16_encode                          0x00022338   Section        0  ble_advdata.o(i.uint16_encode)
    uint16_encode                            0x00022339   Thumb Code    10  ble_advdata.o(i.uint16_encode)
    i.update_status_bit_reset                0x00022344   Section        0  device_manager_peripheral.o(i.update_status_bit_reset)
    update_status_bit_reset                  0x00022345   Thumb Code    14  device_manager_peripheral.o(i.update_status_bit_reset)
    i.update_timeout_handler                 0x00022358   Section        0  ble_conn_params.o(i.update_timeout_handler)
    update_timeout_handler                   0x00022359   Thumb Code    88  ble_conn_params.o(i.update_timeout_handler)
    i.user_id_get                            0x000223b8   Section        0  app_timer.o(i.user_id_get)
    user_id_get                              0x000223b9   Thumb Code    62  app_timer.o(i.user_id_get)
    i.user_op_alloc                          0x000223f6   Section        0  app_timer.o(i.user_op_alloc)
    user_op_alloc                            0x000223f7   Thumb Code    40  app_timer.o(i.user_op_alloc)
    i.uuid_list_encode                       0x0002241e   Section        0  ble_advdata.o(i.uuid_list_encode)
    uuid_list_encode                         0x0002241f   Thumb Code    48  ble_advdata.o(i.uuid_list_encode)
    i.uuid_list_sized_encode                 0x0002244e   Section        0  ble_advdata.o(i.uuid_list_sized_encode)
    uuid_list_sized_encode                   0x0002244f   Thumb Code   158  ble_advdata.o(i.uuid_list_sized_encode)
    i.whitelist_has_entries                  0x000224ec   Section        0  ble_advertising.o(i.whitelist_has_entries)
    whitelist_has_entries                    0x000224ed   Thumb Code    14  ble_advertising.o(i.whitelist_has_entries)
    .constdata                               0x000224fc   Section        8  main.o(.constdata)
    m_heart_rate_timer_id                    0x000224fc   Data           4  main.o(.constdata)
    .constdata                               0x00022504   Section       60  bsp.o(.constdata)
    m_leds_timer_id                          0x00022504   Data           4  bsp.o(.constdata)
    m_alert_timer_id                         0x00022508   Data           4  bsp.o(.constdata)
    m_button_timer_id                        0x0002250c   Data           4  bsp.o(.constdata)
    m_buttons_list                           0x00022510   Data          16  bsp.o(.constdata)
    app_buttons                              0x00022520   Data          32  bsp.o(.constdata)
    .constdata                               0x00022540   Section        4  ble_conn_params.o(.constdata)
    m_conn_params_timer_id                   0x00022540   Data           4  ble_conn_params.o(.constdata)
    .constdata                               0x00022544   Section       16  ble_dfu.o(.constdata)
    .constdata                               0x00022554   Section       52  device_manager_peripheral.o(.constdata)
    .constdata                               0x00022588   Section       40  pstorage.o(.constdata)
    swap_sub_state_sm_lut                    0x00022588   Data          20  pstorage.o(.constdata)
    swap_sub_state_sm_lut                    0x0002259c   Data          20  pstorage.o(.constdata)
    .constdata                               0x000225b0   Section        8  app_button.o(.constdata)
    m_detection_delay_timer_id               0x000225b0   Data           4  app_button.o(.constdata)
    .data                                    0x20002080   Section       40  main.o(.data)
    m_app_handle                             0x20002080   Data           1  main.o(.data)
    m_conn_handle                            0x20002082   Data           2  main.o(.data)
    cnt                                      0x20002088   Data           4  main.o(.data)
    context_data                             0x2000208c   Data           4  main.o(.data)
    m_adv_uuids                              0x20002090   Data           8  main.o(.data)
    FICR_CONFIG_ID                           0x20002098   Data           8  main.o(.data)
    FWID_Str                                 0x200020a0   Data           8  main.o(.data)
    .data                                    0x200020a8   Section       24  bsp.o(.data)
    m_stable_state                           0x200020a8   Data           1  bsp.o(.data)
    current_long_push_pin_no                 0x200020a9   Data           1  bsp.o(.data)
    m_app_ticks_per_100ms                    0x200020ac   Data           4  bsp.o(.data)
    m_indication_type                        0x200020b0   Data           4  bsp.o(.data)
    m_alert_mask                             0x200020b4   Data           4  bsp.o(.data)
    m_registered_callback                    0x200020b8   Data           4  bsp.o(.data)
    release_event_at_push                    0x200020bc   Data           4  bsp.o(.data)
    .data                                    0x200020c0   Section        8  bsp_btn_ble.o(.data)
    m_error_handler                          0x200020c0   Data           4  bsp_btn_ble.o(.data)
    m_num_connections                        0x200020c4   Data           4  bsp_btn_ble.o(.data)
    .data                                    0x200020c8   Section       31  ble_advertising.o(.data)
    m_advertising_start_pending              0x200020c8   Data           1  ble_advertising.o(.data)
    m_whitelist_temporarily_disabled         0x200020c9   Data           1  ble_advertising.o(.data)
    m_whitelist_reply_expected               0x200020ca   Data           1  ble_advertising.o(.data)
    m_peer_addr_reply_expected               0x200020cb   Data           1  ble_advertising.o(.data)
    m_adv_evt                                0x200020cc   Data           1  ble_advertising.o(.data)
    m_adv_mode_current                       0x200020cd   Data           1  ble_advertising.o(.data)
    m_tx_power_level                         0x200020ce   Data           1  ble_advertising.o(.data)
    current_slave_link_conn_handle           0x200020d0   Data           2  ble_advertising.o(.data)
    m_evt_handler                            0x200020d4   Data           4  ble_advertising.o(.data)
    m_error_handler                          0x200020d8   Data           4  ble_advertising.o(.data)
    m_slave_conn_int                         0x200020dc   Data           4  ble_advertising.o(.data)
    m_peer_address                           0x200020e0   Data           7  ble_advertising.o(.data)
    .data                                    0x200020e8   Section       20  ble_conn_params.o(.data)
    m_change_param                           0x200020e8   Data           1  ble_conn_params.o(.data)
    m_update_count                           0x200020e9   Data           1  ble_conn_params.o(.data)
    m_conn_handle                            0x200020ea   Data           2  ble_conn_params.o(.data)
    m_preferred_conn_params                  0x200020ec   Data           8  ble_conn_params.o(.data)
    m_current_conn_params                    0x200020f4   Data           8  ble_conn_params.o(.data)
    .data                                    0x200020fc   Section        8  ble_dfu.o(.data)
    m_is_dfu_service_initialized             0x200020fc   Data           1  ble_dfu.o(.data)
    m_notif_buffer                           0x200020fd   Data           7  ble_dfu.o(.data)
    .data                                    0x20002104   Section       74  ble_dis.o(.data)
    service_handle                           0x20002104   Data           2  ble_dis.o(.data)
    manufact_name_handles                    0x20002106   Data           8  ble_dis.o(.data)
    model_num_handles                        0x2000210e   Data           8  ble_dis.o(.data)
    serial_num_handles                       0x20002116   Data           8  ble_dis.o(.data)
    hw_rev_handles                           0x2000211e   Data           8  ble_dis.o(.data)
    fw_rev_handles                           0x20002126   Data           8  ble_dis.o(.data)
    sw_rev_handles                           0x2000212e   Data           8  ble_dis.o(.data)
    sys_id_handles                           0x20002136   Data           8  ble_dis.o(.data)
    reg_cert_data_list_handles               0x2000213e   Data           8  ble_dis.o(.data)
    pnp_id_handles                           0x20002146   Data           8  ble_dis.o(.data)
    .data                                    0x20002150   Section       24  device_manager_peripheral.o(.data)
    m_module_initialized                     0x20002150   Data           1  device_manager_peripheral.o(.data)
    m_peer_addr_update                       0x20002154   Data           4  device_manager_peripheral.o(.data)
    m_irk_index_table                        0x20002158   Data           7  device_manager_peripheral.o(.data)
    m_storage_handle                         0x20002160   Data           8  device_manager_peripheral.o(.data)
    .data                                    0x20002168   Section       36  pstorage.o(.data)
    m_state                                  0x20002168   Data           1  pstorage.o(.data)
    m_swap_sub_state                         0x20002169   Data           1  pstorage.o(.data)
    m_next_app_instance                      0x2000216a   Data           2  pstorage.o(.data)
    m_flags                                  0x2000216c   Data           4  pstorage.o(.data)
    m_next_page_addr                         0x20002170   Data           4  pstorage.o(.data)
    m_head_word_size                         0x20002174   Data           4  pstorage.o(.data)
    m_tail_word_size                         0x20002178   Data           4  pstorage.o(.data)
    m_current_page_id                        0x2000217c   Data           4  pstorage.o(.data)
    m_num_of_command_retries                 0x20002180   Data           4  pstorage.o(.data)
    m_num_of_bytes_written                   0x20002184   Data           4  pstorage.o(.data)
    m_app_data_size                          0x20002188   Data           4  pstorage.o(.data)
    .data                                    0x2000218c   Section       20  app_button.o(.data)
    m_button_count                           0x2000218c   Data           1  app_button.o(.data)
    mp_buttons                               0x20002190   Data           4  app_button.o(.data)
    m_detection_delay                        0x20002194   Data           4  app_button.o(.data)
    m_pin_state                              0x20002198   Data           4  app_button.o(.data)
    m_pin_transition                         0x2000219c   Data           4  app_button.o(.data)
    .data                                    0x200021a0   Section       32  app_timer.o(.data)
    m_user_array_size                        0x200021a0   Data           1  app_timer.o(.data)
    m_ticks_elapsed_q_read_ind               0x200021a1   Data           1  app_timer.o(.data)
    m_ticks_elapsed_q_write_ind              0x200021a2   Data           1  app_timer.o(.data)
    m_rtc1_running                           0x200021a3   Data           1  app_timer.o(.data)
    m_rtc1_reset                             0x200021a4   Data           1  app_timer.o(.data)
    mp_users                                 0x200021a8   Data           4  app_timer.o(.data)
    mp_timer_id_head                         0x200021ac   Data           4  app_timer.o(.data)
    m_ticks_latest                           0x200021b0   Data           4  app_timer.o(.data)
    m_evt_schedule_func                      0x200021b4   Data           4  app_timer.o(.data)
    m_ticks_elapsed                          0x200021b8   Data           8  app_timer.o(.data)
    .data                                    0x200021c0   Section        8  dfu_app_handler.o(.data)
    m_reset_prepare                          0x200021c0   Data           4  dfu_app_handler.o(.data)
    m_dm_handle                              0x200021c4   Data           4  dfu_app_handler.o(.data)
    .data                                    0x200021c8   Section       20  softdevice_handler.o(.data)
    m_softdevice_enabled                     0x200021c8   Data           1  softdevice_handler.o(.data)
    m_ble_evt_buffer_size                    0x200021ca   Data           2  softdevice_handler.o(.data)
    m_evt_schedule_func                      0x200021cc   Data           4  softdevice_handler.o(.data)
    mp_ble_evt_buffer                        0x200021d0   Data           4  softdevice_handler.o(.data)
    m_ble_evt_handler                        0x200021d4   Data           4  softdevice_handler.o(.data)
    m_sys_evt_handler                        0x200021d8   Data           4  softdevice_handler.o(.data)
    .data                                    0x200021dc   Section        4  system_nrf52.o(.data)
    __tagsym$$used                           0x200021dc   Number         0  system_nrf52.o(.data)
    .bss                                     0x200021e0   Section       32  main.o(.bss)
    m_heart_rate_timer_id_data               0x200021e0   Data          32  main.o(.bss)
    .bss                                     0x20002200   Section      756  main.o(.bss)
    HWID_Str                                 0x20002200   Data          65  main.o(.bss)
    BLE_ADDR                                 0x20002241   Data          32  main.o(.bss)
    APP_TIMER_BUF                            0x20002264   Data         456  main.o(.bss)
    BLE_EVT_BUFFER                           0x2000242c   Data          72  main.o(.bss)
    m_hrs                                    0x20002474   Data          80  main.o(.bss)
    m_dfus                                   0x200024c4   Data          48  main.o(.bss)
    .bss                                     0x200024f4   Section       32  bsp.o(.bss)
    m_leds_timer_id_data                     0x200024f4   Data          32  bsp.o(.bss)
    .bss                                     0x20002514   Section       32  bsp.o(.bss)
    m_alert_timer_id_data                    0x20002514   Data          32  bsp.o(.bss)
    .bss                                     0x20002534   Section       12  bsp.o(.bss)
    m_events_list                            0x20002534   Data          12  bsp.o(.bss)
    .bss                                     0x20002540   Section       32  bsp.o(.bss)
    m_button_timer_id_data                   0x20002540   Data          32  bsp.o(.bss)
    .bss                                     0x20002560   Section      259  ble_advertising.o(.bss)
    m_advdata                                0x20002560   Data          56  ble_advertising.o(.bss)
    m_adv_modes_config                       0x20002598   Data          36  ble_advertising.o(.bss)
    m_whitelist                              0x200025bc   Data          16  ble_advertising.o(.bss)
    mp_whitelist_addr                        0x200025cc   Data          32  ble_advertising.o(.bss)
    mp_whitelist_irk                         0x200025ec   Data          32  ble_advertising.o(.bss)
    m_manuf_specific_data                    0x2000260c   Data          12  ble_advertising.o(.bss)
    m_manuf_data_array                       0x20002618   Data          31  ble_advertising.o(.bss)
    m_service_data                           0x20002638   Data          12  ble_advertising.o(.bss)
    m_service_data_array                     0x20002644   Data          31  ble_advertising.o(.bss)
    .bss                                     0x20002664   Section       32  ble_conn_params.o(.bss)
    m_conn_params_timer_id_data              0x20002664   Data          32  ble_conn_params.o(.bss)
    .bss                                     0x20002684   Section       28  ble_conn_params.o(.bss)
    m_conn_params_config                     0x20002684   Data          28  ble_conn_params.o(.bss)
    .bss                                     0x200026a0   Section      335  device_manager_peripheral.o(.bss)
    m_app_context_table                      0x200026a0   Data          28  device_manager_peripheral.o(.bss)
    m_peer_table                             0x200026bc   Data         196  device_manager_peripheral.o(.bss)
    m_bond_table                             0x20002780   Data          28  device_manager_peripheral.o(.bss)
    m_gatts_table                            0x2000279c   Data          36  device_manager_peripheral.o(.bss)
    m_connection_table                       0x200027c0   Data          12  device_manager_peripheral.o(.bss)
    m_application_table                      0x200027cc   Data          12  device_manager_peripheral.o(.bss)
    m_local_id_info                          0x200027d8   Data          23  device_manager_peripheral.o(.bss)
    .bss                                     0x200027f0   Section       88  nrf_drv_gpiote.o(.bss)
    m_cb                                     0x200027f0   Data          88  nrf_drv_gpiote.o(.bss)
    .bss                                     0x20002848   Section       32  nrf_drv_uart.o(.bss)
    m_cb                                     0x20002848   Data          32  nrf_drv_uart.o(.bss)
    .bss                                     0x20002868   Section      628  pstorage.o(.bss)
    m_cmd_queue                              0x20002868   Data         604  pstorage.o(.bss)
    m_app_table                              0x20002ac4   Data          24  pstorage.o(.bss)
    .bss                                     0x20002adc   Section       32  app_button.o(.bss)
    m_detection_delay_timer_id_data          0x20002adc   Data          32  app_button.o(.bss)
    .bss                                     0x20002afc   Section       60  dfu_app_handler.o(.bss)
    m_peer_data                              0x20002afc   Data          60  dfu_app_handler.o(.bss)
    .bss                                     0x20002b38   Section       88  fstorage.o(.bss)
    m_queue                                  0x20002b38   Data          88  fstorage.o(.bss)
    .bss                                     0x20002b90   Section       12  softdevice_handler.o(.bss)
    STACK                                    0x20002ba0   Section     8192  arm_startup_nrf52.o(STACK)

    Global Symbols

    Symbol Name                              Value     Ov Type        Size  Object(Section)

    BuildAttributes$$THM_ISAv4$E$P$D$K$B$S$7EM$VFPi3$EXTD16$VFPS$VFMA$PE$A:L22UL41UL21$X:L11$S22US41US21$IEEE1$IW$USESV6$~STKCKD$USESV7$~SHL$OSPACE$ROPI$EBA8$MICROLIB$REQ8$PRES8$EABIv2 0x00000000   Number         0  anon$$obj.o ABSOLUTE
    __ARM_use_no_argv                        0x00000000   Number         0  main.o ABSOLUTE
    _printf_a                                0x00000000   Number         0  stubs.o ABSOLUTE
    _printf_c                                0x00000000   Number         0  stubs.o ABSOLUTE
    _printf_charcount                        0x00000000   Number         0  stubs.o ABSOLUTE
    _printf_d                                0x00000000   Number         0  stubs.o ABSOLUTE
    _printf_e                                0x00000000   Number         0  stubs.o ABSOLUTE
    _printf_f                                0x00000000   Number         0  stubs.o ABSOLUTE
    _printf_flags                            0x00000000   Number         0  stubs.o ABSOLUTE
    _printf_fp_dec                           0x00000000   Number         0  stubs.o ABSOLUTE
    _printf_fp_hex                           0x00000000   Number         0  stubs.o ABSOLUTE
    _printf_g                                0x00000000   Number         0  stubs.o ABSOLUTE
    _printf_i                                0x00000000   Number         0  stubs.o ABSOLUTE
    _printf_int_dec                          0x00000000   Number         0  stubs.o ABSOLUTE
    _printf_l                                0x00000000   Number         0  stubs.o ABSOLUTE
    _printf_lc                               0x00000000   Number         0  stubs.o ABSOLUTE
    _printf_ll                               0x00000000   Number         0  stubs.o ABSOLUTE
    _printf_lld                              0x00000000   Number         0  stubs.o ABSOLUTE
    _printf_lli                              0x00000000   Number         0  stubs.o ABSOLUTE
    _printf_llo                              0x00000000   Number         0  stubs.o ABSOLUTE
    _printf_llu                              0x00000000   Number         0  stubs.o ABSOLUTE
    _printf_llx                              0x00000000   Number         0  stubs.o ABSOLUTE
    _printf_longlong_dec                     0x00000000   Number         0  stubs.o ABSOLUTE
    _printf_longlong_hex                     0x00000000   Number         0  stubs.o ABSOLUTE
    _printf_longlong_oct                     0x00000000   Number         0  stubs.o ABSOLUTE
    _printf_ls                               0x00000000   Number         0  stubs.o ABSOLUTE
    _printf_mbtowc                           0x00000000   Number         0  stubs.o ABSOLUTE
    _printf_n                                0x00000000   Number         0  stubs.o ABSOLUTE
    _printf_o                                0x00000000   Number         0  stubs.o ABSOLUTE
    _printf_p                                0x00000000   Number         0  stubs.o ABSOLUTE
    _printf_percent                          0x00000000   Number         0  stubs.o ABSOLUTE
    _printf_pre_padding                      0x00000000   Number         0  stubs.o ABSOLUTE
    _printf_return_value                     0x00000000   Number         0  stubs.o ABSOLUTE
    _printf_s                                0x00000000   Number         0  stubs.o ABSOLUTE
    _printf_sizespec                         0x00000000   Number         0  stubs.o ABSOLUTE
    _printf_str                              0x00000000   Number         0  stubs.o ABSOLUTE
    _printf_truncate_signed                  0x00000000   Number         0  stubs.o ABSOLUTE
    _printf_truncate_unsigned                0x00000000   Number         0  stubs.o ABSOLUTE
    _printf_u                                0x00000000   Number         0  stubs.o ABSOLUTE
    _printf_wc                               0x00000000   Number         0  stubs.o ABSOLUTE
    _printf_wctomb                           0x00000000   Number         0  stubs.o ABSOLUTE
    _printf_widthprec                        0x00000000   Number         0  stubs.o ABSOLUTE
    _printf_x                                0x00000000   Number         0  stubs.o ABSOLUTE
    __cpp_initialize__aeabi_                  - Undefined Weak Reference
    __cxa_finalize                            - Undefined Weak Reference
    _clock_init                               - Undefined Weak Reference
    _microlib_exit                            - Undefined Weak Reference
    fs_data$$Base                             - Undefined Reference
    fs_data$$Limit                            - Undefined Reference
    __Vectors_Size                           0x00000400   Number         0  arm_startup_nrf52.o ABSOLUTE
    __Vectors                                0x0001c000   Data           4  arm_startup_nrf52.o(RESET)
    __Vectors_End                            0x0001c400   Data           0  arm_startup_nrf52.o(RESET)
    __main                                   0x0001c401   Thumb Code     0  entry.o(.ARM.Collect$$$$00000000)
    _main_stk                                0x0001c401   Thumb Code     0  entry2.o(.ARM.Collect$$$$00000001)
    _main_scatterload                        0x0001c405   Thumb Code     0  entry5.o(.ARM.Collect$$$$00000004)
    __main_after_scatterload                 0x0001c409   Thumb Code     0  entry5.o(.ARM.Collect$$$$00000004)
    _main_clock                              0x0001c409   Thumb Code     0  entry7b.o(.ARM.Collect$$$$00000008)
    _main_cpp_init                           0x0001c409   Thumb Code     0  entry8b.o(.ARM.Collect$$$$0000000A)
    _main_init                               0x0001c409   Thumb Code     0  entry9a.o(.ARM.Collect$$$$0000000B)
    __rt_final_cpp                           0x0001c411   Thumb Code     0  entry10a.o(.ARM.Collect$$$$0000000D)
    __rt_final_exit                          0x0001c411   Thumb Code     0  entry11a.o(.ARM.Collect$$$$0000000F)
    __asm___11_nrf_delay_c_532987f3__nrf_delay_us 0x0001c415   Thumb Code   118  nrf_delay.o(.emb_text)
    __asm___11_app_timer_c_cd27f9c3__nrf_delay_us 0x0001c48d   Thumb Code   118  app_timer.o(.emb_text)
    __asm___17_bootloader_util_c_c13d365c__bootloader_util_reset 0x0001c505   Thumb Code    52  bootloader_util.o(.emb_text)
    Reset_Handler                            0x0001c539   Thumb Code     8  arm_startup_nrf52.o(.text)
    NMI_Handler                              0x0001c541   Thumb Code     2  arm_startup_nrf52.o(.text)
    HardFault_Handler                        0x0001c543   Thumb Code     2  arm_startup_nrf52.o(.text)
    MemoryManagement_Handler                 0x0001c545   Thumb Code     2  arm_startup_nrf52.o(.text)
    BusFault_Handler                         0x0001c547   Thumb Code     2  arm_startup_nrf52.o(.text)
    UsageFault_Handler                       0x0001c549   Thumb Code     2  arm_startup_nrf52.o(.text)
    SVC_Handler                              0x0001c54b   Thumb Code     2  arm_startup_nrf52.o(.text)
    DebugMonitor_Handler                     0x0001c54d   Thumb Code     2  arm_startup_nrf52.o(.text)
    PendSV_Handler                           0x0001c54f   Thumb Code     2  arm_startup_nrf52.o(.text)
    SysTick_Handler                          0x0001c551   Thumb Code     2  arm_startup_nrf52.o(.text)
    CCM_AAR_IRQHandler                       0x0001c553   Thumb Code     0  arm_startup_nrf52.o(.text)
    COMP_LPCOMP_IRQHandler                   0x0001c553   Thumb Code     0  arm_startup_nrf52.o(.text)
    ECB_IRQHandler                           0x0001c553   Thumb Code     0  arm_startup_nrf52.o(.text)
    FPU_IRQHandler                           0x0001c553   Thumb Code     0  arm_startup_nrf52.o(.text)
    I2S_IRQHandler                           0x0001c553   Thumb Code     0  arm_startup_nrf52.o(.text)
    MWU_IRQHandler                           0x0001c553   Thumb Code     0  arm_startup_nrf52.o(.text)
    NFCT_IRQHandler                          0x0001c553   Thumb Code     0  arm_startup_nrf52.o(.text)
    PDM_IRQHandler                           0x0001c553   Thumb Code     0  arm_startup_nrf52.o(.text)
    POWER_CLOCK_IRQHandler                   0x0001c553   Thumb Code     0  arm_startup_nrf52.o(.text)
    PWM0_IRQHandler                          0x0001c553   Thumb Code     0  arm_startup_nrf52.o(.text)
    PWM1_IRQHandler                          0x0001c553   Thumb Code     0  arm_startup_nrf52.o(.text)
    PWM2_IRQHandler                          0x0001c553   Thumb Code     0  arm_startup_nrf52.o(.text)
    QDEC_IRQHandler                          0x0001c553   Thumb Code     0  arm_startup_nrf52.o(.text)
    RADIO_IRQHandler                         0x0001c553   Thumb Code     0  arm_startup_nrf52.o(.text)
    RNG_IRQHandler                           0x0001c553   Thumb Code     0  arm_startup_nrf52.o(.text)
    RTC0_IRQHandler                          0x0001c553   Thumb Code     0  arm_startup_nrf52.o(.text)
    RTC2_IRQHandler                          0x0001c553   Thumb Code     0  arm_startup_nrf52.o(.text)
    SAADC_IRQHandler                         0x0001c553   Thumb Code     0  arm_startup_nrf52.o(.text)
    SPIM0_SPIS0_TWIM0_TWIS0_SPI0_TWI0_IRQHandler 0x0001c553   Thumb Code     0  arm_startup_nrf52.o(.text)
    SPIM1_SPIS1_TWIM1_TWIS1_SPI1_TWI1_IRQHandler 0x0001c553   Thumb Code     0  arm_startup_nrf52.o(.text)
    SPIM2_SPIS2_SPI2_IRQHandler              0x0001c553   Thumb Code     0  arm_startup_nrf52.o(.text)
    SWI1_EGU1_IRQHandler                     0x0001c553   Thumb Code     0  arm_startup_nrf52.o(.text)
    SWI3_EGU3_IRQHandler                     0x0001c553   Thumb Code     0  arm_startup_nrf52.o(.text)
    SWI4_EGU4_IRQHandler                     0x0001c553   Thumb Code     0  arm_startup_nrf52.o(.text)
    SWI5_EGU5_IRQHandler                     0x0001c553   Thumb Code     0  arm_startup_nrf52.o(.text)
    TEMP_IRQHandler                          0x0001c553   Thumb Code     0  arm_startup_nrf52.o(.text)
    TIMER0_IRQHandler                        0x0001c553   Thumb Code     0  arm_startup_nrf52.o(.text)
    TIMER1_IRQHandler                        0x0001c553   Thumb Code     0  arm_startup_nrf52.o(.text)
    TIMER2_IRQHandler                        0x0001c553   Thumb Code     0  arm_startup_nrf52.o(.text)
    TIMER3_IRQHandler                        0x0001c553   Thumb Code     0  arm_startup_nrf52.o(.text)
    TIMER4_IRQHandler                        0x0001c553   Thumb Code     0  arm_startup_nrf52.o(.text)
    WDT_IRQHandler                           0x0001c553   Thumb Code     0  arm_startup_nrf52.o(.text)
    ___aeabi_memcpy8$move                    0x0001c55d   Thumb Code     0  memmovea.o(.text)
    __aeabi_memcpy                           0x0001c55d   Thumb Code    64  memmovea.o(.text)
    __aeabi_memcpy4                          0x0001c55d   Thumb Code     0  memmovea.o(.text)
    __aeabi_memmove                          0x0001c55d   Thumb Code     0  memmovea.o(.text)
    __aeabi_memmove4                         0x0001c55d   Thumb Code     0  memmovea.o(.text)
    __aeabi_memmove8                         0x0001c55d   Thumb Code     0  memmovea.o(.text)
    __aeabi_memset                           0x0001c59d   Thumb Code    14  memseta.o(.text)
    __aeabi_memset4                          0x0001c59d   Thumb Code     0  memseta.o(.text)
    __aeabi_memset8                          0x0001c59d   Thumb Code     0  memseta.o(.text)
    __aeabi_memclr                           0x0001c5ab   Thumb Code     4  memseta.o(.text)
    __aeabi_memclr4                          0x0001c5ab   Thumb Code     0  memseta.o(.text)
    __aeabi_memclr8                          0x0001c5ab   Thumb Code     0  memseta.o(.text)
    _memset$wrapper                          0x0001c5af   Thumb Code    18  memseta.o(.text)
    strlen                                   0x0001c5c1   Thumb Code    14  strlen.o(.text)
    memcmp                                   0x0001c5cf   Thumb Code    26  memcmp.o(.text)
    __aeabi_uidiv                            0x0001c5e9   Thumb Code     0  uidiv.o(.text)
    __aeabi_uidivmod                         0x0001c5e9   Thumb Code    44  uidiv.o(.text)
    __aeabi_uldivmod                         0x0001c615   Thumb Code    98  uldiv.o(.text)
    __I$use$fp                               0x0001c677   Thumb Code     0  iusefp.o(.text)
    __aeabi_dadd                             0x0001c677   Thumb Code   322  dadd.o(.text)
    __aeabi_dsub                             0x0001c7b9   Thumb Code     6  dadd.o(.text)
    __aeabi_drsub                            0x0001c7bf   Thumb Code     6  dadd.o(.text)
    __aeabi_dmul                             0x0001c7c5   Thumb Code   228  dmul.o(.text)
    __aeabi_ddiv                             0x0001c8a9   Thumb Code   222  ddiv.o(.text)
    __aeabi_d2ulz                            0x0001c987   Thumb Code    48  dfixul.o(.text)
    __aeabi_cdrcmple                         0x0001c9b9   Thumb Code    48  cdrcmple.o(.text)
    __scatterload                            0x0001c9e9   Thumb Code    28  init.o(.text)
    __scatterload_rt2                        0x0001c9e9   Thumb Code     0  init.o(.text)
    __aeabi_llsl                             0x0001ca0d   Thumb Code    30  llshl.o(.text)
    _ll_shift_l                              0x0001ca0d   Thumb Code     0  llshl.o(.text)
    __aeabi_llsr                             0x0001ca2b   Thumb Code    32  llushr.o(.text)
    _ll_ushift_r                             0x0001ca2b   Thumb Code     0  llushr.o(.text)
    __aeabi_lasr                             0x0001ca4b   Thumb Code    36  llsshr.o(.text)
    _ll_sshift_r                             0x0001ca4b   Thumb Code     0  llsshr.o(.text)
    _double_round                            0x0001ca6f   Thumb Code    30  depilogue.o(.text)
    _double_epilogue                         0x0001ca8d   Thumb Code   156  depilogue.o(.text)
    __decompress                             0x0001cb29   Thumb Code     0  __dczerorl.o(.text)
    __decompress0                            0x0001cb29   Thumb Code    58  __dczerorl.o(.text)
    GPIOTE_IRQHandler                        0x0001cb65   Thumb Code   316  nrf_drv_gpiote.o(i.GPIOTE_IRQHandler)
    RTC1_IRQHandler                          0x0001cd11   Thumb Code    32  app_timer.o(i.RTC1_IRQHandler)
    SWI0_EGU0_IRQHandler                     0x0001cd35   Thumb Code     4  app_timer.o(i.SWI0_EGU0_IRQHandler)
    SWI2_EGU2_IRQHandler                     0x0001cd39   Thumb Code    32  softdevice_handler.o(i.SWI2_EGU2_IRQHandler)
    SystemInit                               0x0001cd5d   Thumb Code   566  system_nrf52.o(i.SystemInit)
    UARTE0_UART0_IRQHandler                  0x0001cfc9   Thumb Code    14  nrf_drv_uart.o(i.UARTE0_UART0_IRQHandler)
    __0sprintf                               0x0001cfdd   Thumb Code    34  printfa.o(i.__0sprintf)
    __1sprintf                               0x0001cfdd   Thumb Code     0  printfa.o(i.__0sprintf)
    __2sprintf                               0x0001cfdd   Thumb Code     0  printfa.o(i.__0sprintf)
    __c89sprintf                             0x0001cfdd   Thumb Code     0  printfa.o(i.__0sprintf)
    sprintf                                  0x0001cfdd   Thumb Code     0  printfa.o(i.__0sprintf)
    __scatterload_copy                       0x0001d005   Thumb Code    14  handlers.o(i.__scatterload_copy)
    __scatterload_null                       0x0001d013   Thumb Code     2  handlers.o(i.__scatterload_null)
    __scatterload_zeroinit                   0x0001d015   Thumb Code    14  handlers.o(i.__scatterload_zeroinit)
    adv_data_encode                          0x0001d8c1   Thumb Code   514  ble_advdata.o(i.adv_data_encode)
    app_button_enable                        0x0001db19   Thumb Code    32  app_button.o(i.app_button_enable)
    app_button_init                          0x0001db3d   Thumb Code    96  app_button.o(i.app_button_init)
    app_error_fault_handler                  0x0001dc19   Thumb Code    26  app_error_weak.o(i.app_error_fault_handler)
    app_error_handler_bare                   0x0001dc3d   Thumb Code    22  app_error.o(i.app_error_handler_bare)
    app_timer_create                         0x0001dcb1   Thumb Code    32  app_timer.o(i.app_timer_create)
    app_timer_init                           0x0001dcd5   Thumb Code   134  app_timer.o(i.app_timer_init)
    app_timer_start                          0x0001dd65   Thumb Code   118  app_timer.o(i.app_timer_start)
    app_timer_stop                           0x0001dde5   Thumb Code    76  app_timer.o(i.app_timer_stop)
    ble_advdata_set                          0x0001de35   Thumb Code   104  ble_advdata.o(i.ble_advdata_set)
    ble_advertising_init                     0x0001de9d   Thumb Code   274  ble_advertising.o(i.ble_advertising_init)
    ble_advertising_on_ble_evt               0x0001dfb9   Thumb Code   122  ble_advertising.o(i.ble_advertising_on_ble_evt)
    ble_advertising_on_sys_evt               0x0001e039   Thumb Code    46  ble_advertising.o(i.ble_advertising_on_sys_evt)
    ble_advertising_restart_without_whitelist 0x0001e07d   Thumb Code    70  ble_advertising.o(i.ble_advertising_restart_without_whitelist)
    ble_advertising_start                    0x0001e0cd   Thumb Code   470  ble_advertising.o(i.ble_advertising_start)
    ble_conn_params_init                     0x0001e2ad   Thumb Code    72  ble_conn_params.o(i.ble_conn_params_init)
    ble_conn_params_on_ble_evt               0x0001e305   Thumb Code   120  ble_conn_params.o(i.ble_conn_params_on_ble_evt)
    ble_conn_params_stop                     0x0001e389   Thumb Code     8  ble_conn_params.o(i.ble_conn_params_stop)
    ble_dfu_init                             0x0001e3f5   Thumb Code   130  ble_dfu.o(i.ble_dfu_init)
    ble_dfu_on_ble_evt                       0x0001e481   Thumb Code   138  ble_dfu.o(i.ble_dfu_on_ble_evt)
    ble_dfu_response_send                    0x0001e50d   Thumb Code    90  ble_dfu.o(i.ble_dfu_response_send)
    ble_dis_init                             0x0001e56d   Thumb Code   296  ble_dis.o(i.ble_dis_init)
    ble_hrs_heart_rate_measurement_send      0x0001e6f5   Thumb Code    92  ble_hrs.o(i.ble_hrs_heart_rate_measurement_send)
    ble_hrs_init                             0x0001e751   Thumb Code    70  ble_hrs.o(i.ble_hrs_init)
    ble_hrs_on_ble_evt                       0x0001e797   Thumb Code    74  ble_hrs.o(i.ble_hrs_on_ble_evt)
    ble_srv_ascii_to_utf8                    0x0001e7e1   Thumb Code    18  ble_srv_common.o(i.ble_srv_ascii_to_utf8)
    bond_data_load                           0x0001e871   Thumb Code    60  device_manager_peripheral.o(i.bond_data_load)
    bootloader_util_app_start                0x0001e941   Thumb Code     4  bootloader_util.o(i.bootloader_util_app_start)
    bsp_btn_ble_init                         0x0001e945   Thumb Code    72  bsp_btn_ble.o(i.bsp_btn_ble_init)
    bsp_btn_ble_on_ble_evt                   0x0001e991   Thumb Code   106  bsp_btn_ble.o(i.bsp_btn_ble_on_ble_evt)
    bsp_btn_ble_sleep_mode_prepare           0x0001ea01   Thumb Code    18  bsp_btn_ble.o(i.bsp_btn_ble_sleep_mode_prepare)
    bsp_button_is_pressed                    0x0001eabd   Thumb Code    34  bsp.o(i.bsp_button_is_pressed)
    bsp_event_handler                        0x0001eae9   Thumb Code    84  main.o(i.bsp_event_handler)
    bsp_event_to_button_action_assign        0x0001eb45   Thumb Code    64  bsp.o(i.bsp_event_to_button_action_assign)
    bsp_indication_set                       0x0001eb89   Thumb Code    20  bsp.o(i.bsp_indication_set)
    bsp_init                                 0x0001eba1   Thumb Code   140  bsp.o(i.bsp_init)
    bsp_wakeup_buttons_set                   0x0001ee69   Thumb Code    54  bsp.o(i.bsp_wakeup_buttons_set)
    dfu_app_dm_appl_instance_set             0x0001f69d   Thumb Code    20  dfu_app_handler.o(i.dfu_app_dm_appl_instance_set)
    dfu_app_on_dfu_evt                       0x0001f6b5   Thumb Code    38  dfu_app_handler.o(i.dfu_app_on_dfu_evt)
    dfu_app_reset_prepare_set                0x0001f77d   Thumb Code     6  dfu_app_handler.o(i.dfu_app_reset_prepare_set)
    dm_application_context_delete            0x0001f961   Thumb Code   130  device_manager_peripheral.o(i.dm_application_context_delete)
    dm_application_context_get               0x0001f9f5   Thumb Code   154  device_manager_peripheral.o(i.dm_application_context_get)
    dm_application_context_set               0x0001fa9d   Thumb Code   186  device_manager_peripheral.o(i.dm_application_context_set)
    dm_application_instance_set              0x0001fb6d   Thumb Code    42  device_manager_peripheral.o(i.dm_application_instance_set)
    dm_ble_evt_handler                       0x0001fba1   Thumb Code  1110  device_manager_peripheral.o(i.dm_ble_evt_handler)
    dm_distributed_keys_get                  0x0001fff9   Thumb Code   170  device_manager_peripheral.o(i.dm_distributed_keys_get)
    dm_handle_get                            0x000200b1   Thumb Code    58  device_manager_peripheral.o(i.dm_handle_get)
    dm_handle_initialize                     0x000200f1   Thumb Code    22  device_manager_peripheral.o(i.dm_handle_initialize)
    dm_init                                  0x00020109   Thumb Code   182  device_manager_peripheral.o(i.dm_init)
    dm_peer_addr_get                         0x000201d1   Thumb Code   112  device_manager_peripheral.o(i.dm_peer_addr_get)
    dm_register                              0x000203d5   Thumb Code    94  device_manager_peripheral.o(i.dm_register)
    fs_queued_op_count_get                   0x00020531   Thumb Code    16  fstorage.o(i.fs_queued_op_count_get)
    intern_softdevice_events_execute         0x000209d1   Thumb Code   106  softdevice_handler.o(i.intern_softdevice_events_execute)
    main                                     0x00020c9d   Thumb Code   254  main.o(i.main)
    nrf_delay_ms                             0x00020ee1   Thumb Code    26  nrf_delay.o(i.nrf_delay_ms)
    nrf_drv_common_irq_enable                0x00020efb   Thumb Code    56  nrf_drv_common.o(i.nrf_drv_common_irq_enable)
    nrf_drv_gpiote_in_event_enable           0x00020f35   Thumb Code   150  nrf_drv_gpiote.o(i.nrf_drv_gpiote_in_event_enable)
    nrf_drv_gpiote_in_init                   0x00020fd9   Thumb Code   170  nrf_drv_gpiote.o(i.nrf_drv_gpiote_in_init)
    nrf_drv_gpiote_in_is_set                 0x00021091   Thumb Code    16  nrf_drv_gpiote.o(i.nrf_drv_gpiote_in_is_set)
    nrf_drv_gpiote_init                      0x000210a5   Thumb Code    76  nrf_drv_gpiote.o(i.nrf_drv_gpiote_init)
    nrf_drv_gpiote_is_init                   0x000210f9   Thumb Code    14  nrf_drv_gpiote.o(i.nrf_drv_gpiote_is_init)
    pstorage_access_status_get               0x00021385   Thumb Code    28  pstorage.o(i.pstorage_access_status_get)
    pstorage_block_identifier_get            0x000213a9   Thumb Code    76  pstorage.o(i.pstorage_block_identifier_get)
    pstorage_clear                           0x000213fd   Thumb Code   148  pstorage.o(i.pstorage_clear)
    pstorage_init                            0x000214c1   Thumb Code    84  pstorage.o(i.pstorage_init)
    pstorage_load                            0x00021521   Thumb Code   158  pstorage.o(i.pstorage_load)
    pstorage_register                        0x000215c9   Thumb Code   172  pstorage.o(i.pstorage_register)
    pstorage_store                           0x0002167d   Thumb Code   128  pstorage.o(i.pstorage_store)
    pstorage_sys_event_handler               0x00021705   Thumb Code    66  pstorage.o(i.pstorage_sys_event_handler)
    pstorage_update                          0x0002174d   Thumb Code   128  pstorage.o(i.pstorage_update)
    sd_check_ram_start                       0x00021985   Thumb Code    10  softdevice_handler.o(i.sd_check_ram_start)
    softdevice_ble_evt_handler_set           0x00021ce1   Thumb Code    14  softdevice_handler.o(i.softdevice_ble_evt_handler_set)
    softdevice_enable                        0x00021cf5   Thumb Code    14  softdevice_handler.o(i.softdevice_enable)
    softdevice_enable_get_default_config     0x00021d09   Thumb Code    38  softdevice_handler.o(i.softdevice_enable_get_default_config)
    softdevice_fault_handler                 0x00021d2f   Thumb Code     4  softdevice_handler.o(i.softdevice_fault_handler)
    softdevice_handler_init                  0x00021d35   Thumb Code    42  softdevice_handler.o(i.softdevice_handler_init)
    softdevice_sys_evt_handler_set           0x00021d69   Thumb Code    14  softdevice_handler.o(i.softdevice_sys_evt_handler_set)
    m_context_init_len                       0x00022554   Data           4  device_manager_peripheral.o(.constdata)
    m_service_context_store                  0x00022558   Data          16  device_manager_peripheral.o(.constdata)
    m_service_context_load                   0x00022568   Data          16  device_manager_peripheral.o(.constdata)
    m_service_context_apply                  0x00022578   Data          16  device_manager_peripheral.o(.constdata)
    Region$$Table$$Base                      0x000225b8   Number         0  anon$$obj.o(Region$$Table)
    Region$$Table$$Limit                     0x000225d8   Number         0  anon$$obj.o(Region$$Table)
    Image$$RW_IRAM1$$Base                    0x20002080   Number         0  anon$$obj.o ABSOLUTE
    heart_rate                               0x20002084   Data           2  main.o(.data)
    SystemCoreClock                          0x200021dc   Data           4  system_nrf52.o(.data)
    nrf_nvic_state                           0x20002b90   Data          12  softdevice_handler.o(.bss)
    __initial_sp                             0x20004ba0   Data           0  arm_startup_nrf52.o(STACK)



==============================================================================

Memory Map of the image

  Image Entry point : 0x0001c401

  Load Region LR_IROM1 (Base: 0x0001c000, Size: 0x00006738, Max: 0x00064000, ABSOLUTE, COMPRESSED[0x000065f4])

    Execution Region ER_IROM1 (Base: 0x0001c000, Size: 0x000065d8, Max: 0x00064000, ABSOLUTE)

    Base Addr    Size         Type   Attr      Idx    E Section Name        Object

    0x0001c000   0x00000400   Data   RO         3233    RESET               arm_startup_nrf52.o
    0x0001c400   0x00000000   Code   RO         3274  * .ARM.Collect$$$$00000000  mc_w.l(entry.o)
    0x0001c400   0x00000004   Code   RO         3554    .ARM.Collect$$$$00000001  mc_w.l(entry2.o)
    0x0001c404   0x00000004   Code   RO         3557    .ARM.Collect$$$$00000004  mc_w.l(entry5.o)
    0x0001c408   0x00000000   Code   RO         3559    .ARM.Collect$$$$00000008  mc_w.l(entry7b.o)
    0x0001c408   0x00000000   Code   RO         3561    .ARM.Collect$$$$0000000A  mc_w.l(entry8b.o)
    0x0001c408   0x00000008   Code   RO         3562    .ARM.Collect$$$$0000000B  mc_w.l(entry9a.o)
    0x0001c410   0x00000000   Code   RO         3564    .ARM.Collect$$$$0000000D  mc_w.l(entry10a.o)
    0x0001c410   0x00000000   Code   RO         3566    .ARM.Collect$$$$0000000F  mc_w.l(entry11a.o)
    0x0001c410   0x00000004   Code   RO         3555    .ARM.Collect$$$$00002712  mc_w.l(entry2.o)
    0x0001c414   0x00000076   Code   RO         1430    .emb_text           nrf_delay.o
    0x0001c48a   0x00000002   PAD
    0x0001c48c   0x00000076   Code   RO         2370    .emb_text           app_timer.o
    0x0001c502   0x00000002   PAD
    0x0001c504   0x00000034   Code   RO         2594    .emb_text           bootloader_util.o
    0x0001c538   0x00000024   Code   RO         3234    .text               arm_startup_nrf52.o
    0x0001c55c   0x00000040   Code   RO         3279    .text               mc_w.l(memmovea.o)
    0x0001c59c   0x00000024   Code   RO         3281    .text               mc_w.l(memseta.o)
    0x0001c5c0   0x0000000e   Code   RO         3283    .text               mc_w.l(strlen.o)
    0x0001c5ce   0x0000001a   Code   RO         3285    .text               mc_w.l(memcmp.o)
    0x0001c5e8   0x0000002c   Code   RO         3568    .text               mc_w.l(uidiv.o)
    0x0001c614   0x00000062   Code   RO         3570    .text               mc_w.l(uldiv.o)
    0x0001c676   0x00000000   Code   RO         3572    .text               mc_w.l(iusefp.o)
    0x0001c676   0x0000014e   Code   RO         3573    .text               mf_w.l(dadd.o)
    0x0001c7c4   0x000000e4   Code   RO         3575    .text               mf_w.l(dmul.o)
    0x0001c8a8   0x000000de   Code   RO         3577    .text               mf_w.l(ddiv.o)
    0x0001c986   0x00000030   Code   RO         3579    .text               mf_w.l(dfixul.o)
    0x0001c9b6   0x00000002   PAD
    0x0001c9b8   0x00000030   Code   RO         3581    .text               mf_w.l(cdrcmple.o)
    0x0001c9e8   0x00000024   Code   RO         3583    .text               mc_w.l(init.o)
    0x0001ca0c   0x0000001e   Code   RO         3585    .text               mc_w.l(llshl.o)
    0x0001ca2a   0x00000020   Code   RO         3587    .text               mc_w.l(llushr.o)
    0x0001ca4a   0x00000024   Code   RO         3589    .text               mc_w.l(llsshr.o)
    0x0001ca6e   0x000000ba   Code   RO         3591    .text               mf_w.l(depilogue.o)
    0x0001cb28   0x0000003a   Code   RO         3601    .text               mc_w.l(__dczerorl.o)
    0x0001cb62   0x00000002   PAD
    0x0001cb64   0x00000148   Code   RO         1500    i.GPIOTE_IRQHandler  nrf_drv_gpiote.o
    0x0001ccac   0x00000016   Code   RO         2371    i.NVIC_ClearPendingIRQ  app_timer.o
    0x0001ccc2   0x00000016   Code   RO         2372    i.NVIC_EnableIRQ    app_timer.o
    0x0001ccd8   0x00000016   Code   RO         2373    i.NVIC_SetPendingIRQ  app_timer.o
    0x0001ccee   0x00000020   Code   RO         2374    i.NVIC_SetPriority  app_timer.o
    0x0001cd0e   0x00000002   PAD
    0x0001cd10   0x00000024   Code   RO         2375    i.RTC1_IRQHandler   app_timer.o
    0x0001cd34   0x00000004   Code   RO         2376    i.SWI0_EGU0_IRQHandler  app_timer.o
    0x0001cd38   0x00000024   Code   RO         3121    i.SWI2_EGU2_IRQHandler  softdevice_handler.o
    0x0001cd5c   0x0000026c   Code   RO         3242    i.SystemInit        system_nrf52.o
    0x0001cfc8   0x00000014   Code   RO         1702    i.UARTE0_UART0_IRQHandler  nrf_drv_uart.o
    0x0001cfdc   0x00000028   Code   RO         3528    i.__0sprintf        mc_w.l(printfa.o)
    0x0001d004   0x0000000e   Code   RO         3595    i.__scatterload_copy  mc_w.l(handlers.o)
    0x0001d012   0x00000002   Code   RO         3596    i.__scatterload_null  mc_w.l(handlers.o)
    0x0001d014   0x0000000e   Code   RO         3597    i.__scatterload_zeroinit  mc_w.l(handlers.o)
    0x0001d022   0x00000002   PAD
    0x0001d024   0x00000164   Code   RO         3533    i._fp_digits        mc_w.l(printfa.o)
    0x0001d188   0x000006dc   Code   RO         3534    i._printf_core      mc_w.l(printfa.o)
    0x0001d864   0x00000024   Code   RO         3535    i._printf_post_padding  mc_w.l(printfa.o)
    0x0001d888   0x0000002e   Code   RO         3536    i._printf_pre_padding  mc_w.l(printfa.o)
    0x0001d8b6   0x0000000a   Code   RO         3538    i._sputc            mc_w.l(printfa.o)
    0x0001d8c0   0x00000202   Code   RO          519    i.adv_data_encode   ble_advdata.o
    0x0001dac2   0x00000036   Code   RO          473    i.advertising_buttons_configure  bsp_btn_ble.o
    0x0001daf8   0x00000020   Code   RO          347    i.alert_timer_handler  bsp.o
    0x0001db18   0x00000024   Code   RO         2150    i.app_button_enable  app_button.o
    0x0001db3c   0x00000070   Code   RO         2151    i.app_button_init   app_button.o
    0x0001dbac   0x0000006c   Code   RO            5    i.app_context_load  main.o
    0x0001dc18   0x00000024   Code   RO         2266    i.app_error_fault_handler  app_error_weak.o
    0x0001dc3c   0x00000016   Code   RO         2215    i.app_error_handler_bare  app_error.o
    0x0001dc52   0x00000002   PAD
    0x0001dc54   0x0000000c   Code   RO         1065    i.app_evt_notify    device_manager_peripheral.o
    0x0001dc60   0x0000002c   Code   RO         1903    i.app_notify        pstorage.o
    0x0001dc8c   0x00000024   Code   RO         1904    i.app_notify_error_state_transit  pstorage.o
    0x0001dcb0   0x00000024   Code   RO         2379    i.app_timer_create  app_timer.o
    0x0001dcd4   0x00000090   Code   RO         2380    i.app_timer_init    app_timer.o
    0x0001dd64   0x00000080   Code   RO         2381    i.app_timer_start   app_timer.o
    0x0001dde4   0x00000050   Code   RO         2382    i.app_timer_stop    app_timer.o
    0x0001de34   0x00000068   Code   RO          520    i.ble_advdata_set   ble_advdata.o
    0x0001de9c   0x0000011c   Code   RO          607    i.ble_advertising_init  ble_advertising.o
    0x0001dfb8   0x00000080   Code   RO          608    i.ble_advertising_on_ble_evt  ble_advertising.o
    0x0001e038   0x00000034   Code   RO          609    i.ble_advertising_on_sys_evt  ble_advertising.o
    0x0001e06c   0x00000010   Code   RO          611    i.ble_advertising_peer_address_clear  ble_advertising.o
    0x0001e07c   0x00000050   Code   RO          612    i.ble_advertising_restart_without_whitelist  ble_advertising.o
    0x0001e0cc   0x000001e0   Code   RO          613    i.ble_advertising_start  ble_advertising.o
    0x0001e2ac   0x00000058   Code   RO          742    i.ble_conn_params_init  ble_conn_params.o
    0x0001e304   0x00000084   Code   RO          743    i.ble_conn_params_on_ble_evt  ble_conn_params.o
    0x0001e388   0x0000000c   Code   RO          744    i.ble_conn_params_stop  ble_conn_params.o
    0x0001e394   0x0000005e   Code   RO          521    i.ble_device_addr_encode  ble_advdata.o
    0x0001e3f2   0x00000002   PAD
    0x0001e3f4   0x0000008c   Code   RO          817    i.ble_dfu_init      ble_dfu.o
    0x0001e480   0x0000008a   Code   RO          818    i.ble_dfu_on_ble_evt  ble_dfu.o
    0x0001e50a   0x00000002   PAD
    0x0001e50c   0x00000060   Code   RO          820    i.ble_dfu_response_send  ble_dfu.o
    0x0001e56c   0x0000012c   Code   RO          905    i.ble_dis_init      ble_dis.o
    0x0001e698   0x0000005c   Code   RO            7    i.ble_evt_dispatch  main.o
    0x0001e6f4   0x0000005c   Code   RO          952    i.ble_hrs_heart_rate_measurement_send  ble_hrs.o
    0x0001e750   0x00000046   Code   RO          953    i.ble_hrs_init      ble_hrs.o
    0x0001e796   0x0000004a   Code   RO          954    i.ble_hrs_on_ble_evt  ble_hrs.o
    0x0001e7e0   0x00000012   Code   RO         1018    i.ble_srv_ascii_to_utf8  ble_srv_common.o
    0x0001e7f2   0x00000002   PAD
    0x0001e7f4   0x0000007c   Code   RO            8    i.ble_stack_init    main.o
    0x0001e870   0x00000048   Code   RO         1066    i.bond_data_load    device_manager_peripheral.o
    0x0001e8b8   0x00000088   Code   RO         2620    i.bootloader_start  dfu_app_handler.o
    0x0001e940   0x00000004   Code   RO         2595    i.bootloader_util_app_start  bootloader_util.o
    0x0001e944   0x0000004c   Code   RO          474    i.bsp_btn_ble_init  bsp_btn_ble.o
    0x0001e990   0x00000070   Code   RO          475    i.bsp_btn_ble_on_ble_evt  bsp_btn_ble.o
    0x0001ea00   0x00000012   Code   RO          476    i.bsp_btn_ble_sleep_mode_prepare  bsp_btn_ble.o
    0x0001ea12   0x00000002   PAD
    0x0001ea14   0x000000a8   Code   RO          348    i.bsp_button_event_handler  bsp.o
    0x0001eabc   0x0000002c   Code   RO          349    i.bsp_button_is_pressed  bsp.o
    0x0001eae8   0x0000005c   Code   RO            9    i.bsp_event_handler  main.o
    0x0001eb44   0x00000044   Code   RO          353    i.bsp_event_to_button_action_assign  bsp.o
    0x0001eb88   0x00000018   Code   RO          354    i.bsp_indication_set  bsp.o
    0x0001eba0   0x000000a4   Code   RO          356    i.bsp_init          bsp.o
    0x0001ec44   0x00000224   Code   RO          357    i.bsp_led_indication  bsp.o
    0x0001ee68   0x0000003c   Code   RO          358    i.bsp_wakeup_buttons_set  bsp.o
    0x0001eea4   0x00000008   Code   RO          359    i.button_timer_handler  bsp.o
    0x0001eeac   0x0000005c   Code   RO           10    i.buttons_leds_init  main.o
    0x0001ef08   0x0000001c   Code   RO         1501    i.channel_free      nrf_drv_gpiote.o
    0x0001ef24   0x00000048   Code   RO         1502    i.channel_port_alloc  nrf_drv_gpiote.o
    0x0001ef6c   0x00000010   Code   RO         1503    i.channel_port_get  nrf_drv_gpiote.o
    0x0001ef7c   0x000000a0   Code   RO          906    i.char_add          ble_dis.o
    0x0001f01c   0x000000fc   Code   RO         1905    i.clear_operation_execute  pstorage.o
    0x0001f118   0x00000020   Code   RO         1906    i.clear_post_processing_run  pstorage.o
    0x0001f138   0x00000034   Code   RO         1907    i.cmd_process       pstorage.o
    0x0001f16c   0x00000020   Code   RO         1908    i.cmd_queue_element_init  pstorage.o
    0x0001f18c   0x00000054   Code   RO         1909    i.cmd_queue_enqueue  pstorage.o
    0x0001f1e0   0x00000040   Code   RO         1910    i.command_end_procedure_run  pstorage.o
    0x0001f220   0x000000ac   Code   RO         2384    i.compare_reg_update  app_timer.o
    0x0001f2cc   0x00000088   Code   RO          522    i.conn_int_encode   ble_advdata.o
    0x0001f354   0x00000004   Code   RO           11    i.conn_params_error_handler  main.o
    0x0001f358   0x0000005c   Code   RO          745    i.conn_params_negotiation  ble_conn_params.o
    0x0001f3b4   0x0000002c   Code   RO         1067    i.connection_instance_find  device_manager_peripheral.o
    0x0001f3e0   0x00000028   Code   RO         1068    i.connection_instance_init  device_manager_peripheral.o
    0x0001f408   0x00000054   Code   RO         1911    i.data_page_erase_state_run  pstorage.o
    0x0001f45c   0x00000020   Code   RO         1912    i.data_to_swap_write_state_run  pstorage.o
    0x0001f47c   0x00000060   Code   RO         2153    i.detection_delay_timeout_handler  app_button.o
    0x0001f4dc   0x000000c0   Code   RO         1069    i.device_context_store  device_manager_peripheral.o
    0x0001f59c   0x00000048   Code   RO         1070    i.device_instance_find  device_manager_peripheral.o
    0x0001f5e4   0x0000002c   Code   RO         1071    i.device_instance_free  device_manager_peripheral.o
    0x0001f610   0x0000001e   Code   RO           12    i.device_manager_evt_handler  main.o
    0x0001f62e   0x00000002   PAD
    0x0001f630   0x0000006c   Code   RO           13    i.device_manager_init  main.o
    0x0001f69c   0x00000018   Code   RO         2621    i.dfu_app_dm_appl_instance_set  dfu_app_handler.o
    0x0001f6b4   0x00000026   Code   RO         2622    i.dfu_app_on_dfu_evt  dfu_app_handler.o
    0x0001f6da   0x00000002   PAD
    0x0001f6dc   0x0000009c   Code   RO         2623    i.dfu_app_peer_data_set  dfu_app_handler.o
    0x0001f778   0x00000002   Code   RO         2624    i.dfu_app_reset_prepare  dfu_app_handler.o
    0x0001f77a   0x00000002   PAD
    0x0001f77c   0x0000000c   Code   RO         2625    i.dfu_app_reset_prepare_set  dfu_app_handler.o
    0x0001f788   0x0000009c   Code   RO          821    i.dfu_ctrl_pt_add   ble_dfu.o
    0x0001f824   0x0000009c   Code   RO          822    i.dfu_pkt_char_add  ble_dfu.o
    0x0001f8c0   0x0000009e   Code   RO          823    i.dfu_rev_char_add  ble_dfu.o
    0x0001f95e   0x00000002   PAD
    0x0001f960   0x00000094   Code   RO         1072    i.dm_application_context_delete  device_manager_peripheral.o
    0x0001f9f4   0x000000a8   Code   RO         1073    i.dm_application_context_get  device_manager_peripheral.o
    0x0001fa9c   0x000000d0   Code   RO         1074    i.dm_application_context_set  device_manager_peripheral.o
    0x0001fb6c   0x00000034   Code   RO         1075    i.dm_application_instance_set  device_manager_peripheral.o
    0x0001fba0   0x00000456   Code   RO         1076    i.dm_ble_evt_handler  device_manager_peripheral.o
    0x0001fff6   0x00000002   PAD
    0x0001fff8   0x000000b8   Code   RO         1080    i.dm_distributed_keys_get  device_manager_peripheral.o
    0x000200b0   0x00000040   Code   RO         1081    i.dm_handle_get     device_manager_peripheral.o
    0x000200f0   0x00000016   Code   RO         1082    i.dm_handle_initialize  device_manager_peripheral.o
    0x00020106   0x00000002   PAD
    0x00020108   0x000000c8   Code   RO         1083    i.dm_init           device_manager_peripheral.o
    0x000201d0   0x0000007c   Code   RO         1084    i.dm_peer_addr_get  device_manager_peripheral.o
    0x0002024c   0x00000188   Code   RO         1086    i.dm_pstorage_cb_handler  device_manager_peripheral.o
    0x000203d4   0x00000068   Code   RO         1087    i.dm_register       device_manager_peripheral.o
    0x0002043c   0x00000040   Code   RO         2385    i.elapsed_ticks_acquire  app_timer.o
    0x0002047c   0x0000001c   Code   RO         1913    i.flash_api_err_code_process  pstorage.o
    0x00020498   0x0000008c   Code   RO         1914    i.flash_operation_success_run  pstorage.o
    0x00020524   0x00000006   Code   RO         1915    i.flash_page_erase  pstorage.o
    0x0002052a   0x00000006   Code   RO         1916    i.flash_write       pstorage.o
    0x00020530   0x00000014   Code   RO         2693    i.fs_queued_op_count_get  fstorage.o
    0x00020544   0x0000006c   Code   RO           14    i.gap_params_init   main.o
    0x000205b0   0x00000004   Code   RO         1094    i.gattc_context_apply  device_manager_peripheral.o
    0x000205b4   0x00000004   Code   RO         1095    i.gattc_context_load  device_manager_peripheral.o
    0x000205b8   0x00000004   Code   RO         1096    i.gattc_context_store  device_manager_peripheral.o
    0x000205bc   0x000000b0   Code   RO         1097    i.gatts_context_apply  device_manager_peripheral.o
    0x0002066c   0x00000038   Code   RO         1098    i.gatts_context_load  device_manager_peripheral.o
    0x000206a4   0x000000c8   Code   RO         1099    i.gatts_context_store  device_manager_peripheral.o
    0x0002076c   0x00000004   Code   RO         1100    i.gattsc_context_apply  device_manager_peripheral.o
    0x00020770   0x00000004   Code   RO         1101    i.gattsc_context_load  device_manager_peripheral.o
    0x00020774   0x00000004   Code   RO         1102    i.gattsc_context_store  device_manager_peripheral.o
    0x00020778   0x00000058   Code   RO         2154    i.gpiote_event_handler  app_button.o
    0x000207d0   0x00000078   Code   RO         1917    i.head_restore_state_run  pstorage.o
    0x00020848   0x00000044   Code   RO           15    i.heart_rate_meas_timeout_handler  main.o
    0x0002088c   0x000000c2   Code   RO          957    i.heart_rate_measurement_char_add  ble_hrs.o
    0x0002094e   0x00000080   Code   RO          958    i.hrm_encode        ble_hrs.o
    0x000209ce   0x00000002   PAD
    0x000209d0   0x00000070   Code   RO         3122    i.intern_softdevice_events_execute  softdevice_handler.o
    0x00020a40   0x0000001c   Code   RO          746    i.is_conn_params_ok  ble_conn_params.o
    0x00020a5c   0x00000044   Code   RO         1918    i.is_page_erase_required  pstorage.o
    0x00020aa0   0x0000000c   Code   RO         1919    i.is_word_aligned   pstorage.o
    0x00020aac   0x00000054   Code   RO          523    i.le_role_encode    ble_advdata.o
    0x00020b00   0x00000014   Code   RO          360    i.leds_timer_handler  bsp.o
    0x00020b14   0x000000bc   Code   RO         2386    i.list_deletions_handler  app_timer.o
    0x00020bd0   0x000000cc   Code   RO         2387    i.list_insertions_handler  app_timer.o
    0x00020c9c   0x00000124   Code   RO           16    i.main              main.o
    0x00020dc0   0x00000014   Code   RO         1920    i.main_state_err_busy_process  pstorage.o
    0x00020dd4   0x00000064   Code   RO          524    i.manuf_specific_data_encode  ble_advdata.o
    0x00020e38   0x0000009c   Code   RO          525    i.name_encode       ble_advdata.o
    0x00020ed4   0x00000004   Code   RO         1103    i.no_service_context_apply  device_manager_peripheral.o
    0x00020ed8   0x00000004   Code   RO         1104    i.no_service_context_load  device_manager_peripheral.o
    0x00020edc   0x00000004   Code   RO         1105    i.no_service_context_store  device_manager_peripheral.o
    0x00020ee0   0x0000001a   Code   RO         1431    i.nrf_delay_ms      nrf_delay.o
    0x00020efa   0x00000038   Code   RO         1465    i.nrf_drv_common_irq_enable  nrf_drv_common.o
    0x00020f32   0x00000002   PAD
    0x00020f34   0x000000a4   Code   RO         1506    i.nrf_drv_gpiote_in_event_enable  nrf_drv_gpiote.o
    0x00020fd8   0x000000b8   Code   RO         1507    i.nrf_drv_gpiote_in_init  nrf_drv_gpiote.o
    0x00021090   0x00000014   Code   RO         1508    i.nrf_drv_gpiote_in_is_set  nrf_drv_gpiote.o
    0x000210a4   0x00000054   Code   RO         1510    i.nrf_drv_gpiote_init  nrf_drv_gpiote.o
    0x000210f8   0x00000014   Code   RO         1511    i.nrf_drv_gpiote_is_init  nrf_drv_gpiote.o
    0x0002110c   0x00000022   Code   RO         1523    i.nrf_gpio_cfg      nrf_drv_gpiote.o
    0x0002112e   0x0000001c   Code   RO         1525    i.nrf_gpio_cfg_sense_set  nrf_drv_gpiote.o
    0x0002114a   0x00000002   PAD
    0x0002114c   0x00000014   Code   RO         1526    i.nrf_gpiote_event_clear  nrf_drv_gpiote.o
    0x00021160   0x00000010   Code   RO         1527    i.nrf_gpiote_event_is_set  nrf_drv_gpiote.o
    0x00021170   0x0000000a   Code   RO         1721    i.nrf_uart_event_check  nrf_drv_uart.o
    0x0002117a   0x0000000c   Code   RO         1722    i.nrf_uart_int_enable_check  nrf_drv_uart.o
    0x00021186   0x0000000a   Code   RO         1723    i.nrf_uarte_event_check  nrf_drv_uart.o
    0x00021190   0x00000002   Code   RO           17    i.nus_data_handler  main.o
    0x00021192   0x00000024   Code   RO           18    i.on_adv_evt        main.o
    0x000211b6   0x00000002   PAD
    0x000211b8   0x0000001c   Code   RO           19    i.on_conn_params_evt  main.o
    0x000211d4   0x000000f8   Code   RO          824    i.on_ctrl_pt_write  ble_dfu.o
    0x000212cc   0x00000014   Code   RO          615    i.peer_address_exists  ble_advertising.o
    0x000212e0   0x00000040   Code   RO         1106    i.peer_instance_init  device_manager_peripheral.o
    0x00021320   0x00000018   Code   RO         1528    i.pin_in_use_by_port  nrf_drv_gpiote.o
    0x00021338   0x00000018   Code   RO         1529    i.pin_in_use_by_te  nrf_drv_gpiote.o
    0x00021350   0x00000034   Code   RO          907    i.pnp_id_encode     ble_dis.o
    0x00021384   0x00000024   Code   RO         1921    i.pstorage_access_status_get  pstorage.o
    0x000213a8   0x00000054   Code   RO         1922    i.pstorage_block_identifier_get  pstorage.o
    0x000213fc   0x0000009c   Code   RO         1923    i.pstorage_clear    pstorage.o
    0x00021498   0x0000001e   Code   RO         1924    i.pstorage_flash_page_end  pstorage.o
    0x000214b6   0x0000000a   Code   RO         1925    i.pstorage_flash_page_size  pstorage.o
    0x000214c0   0x00000060   Code   RO         1926    i.pstorage_init     pstorage.o
    0x00021520   0x000000a8   Code   RO         1927    i.pstorage_load     pstorage.o
    0x000215c8   0x000000b4   Code   RO         1928    i.pstorage_register  pstorage.o
    0x0002167c   0x00000088   Code   RO         1929    i.pstorage_store    pstorage.o
    0x00021704   0x00000048   Code   RO         1930    i.pstorage_sys_event_handler  pstorage.o
    0x0002174c   0x00000088   Code   RO         1931    i.pstorage_update   pstorage.o
    0x000217d4   0x00000048   Code   RO           20    i.reset_prepare     main.o
    0x0002181c   0x0000003c   Code   RO         2388    i.rtc1_stop         app_timer.o
    0x00021858   0x00000030   Code   RO         1725    i.rx_byte           nrf_drv_uart.o
    0x00021888   0x000000dc   Code   RO          959    i.rx_char_add       ble_hrs.o
    0x00021964   0x00000020   Code   RO         1726    i.rx_done_event     nrf_drv_uart.o
    0x00021984   0x00000010   Code   RO         3123    i.sd_check_ram_start  softdevice_handler.o
    0x00021994   0x00000088   Code   RO         3124    i.sd_nvic_EnableIRQ  softdevice_handler.o
    0x00021a1c   0x00000088   Code   RO          526    i.service_data_encode  ble_advdata.o
    0x00021aa4   0x000001d8   Code   RO           21    i.services_init     main.o
    0x00021c7c   0x00000028   Code   RO           22    i.sleep_mode_enter  main.o
    0x00021ca4   0x0000003c   Code   RO         1932    i.sm_state_change   pstorage.o
    0x00021ce0   0x00000014   Code   RO         3125    i.softdevice_ble_evt_handler_set  softdevice_handler.o
    0x00021cf4   0x00000014   Code   RO         3126    i.softdevice_enable  softdevice_handler.o
    0x00021d08   0x00000026   Code   RO         3127    i.softdevice_enable_get_default_config  softdevice_handler.o
    0x00021d2e   0x00000004   Code   RO         3128    i.softdevice_fault_handler  softdevice_handler.o
    0x00021d32   0x00000002   PAD
    0x00021d34   0x00000034   Code   RO         3129    i.softdevice_handler_init  softdevice_handler.o
    0x00021d68   0x00000014   Code   RO         3132    i.softdevice_sys_evt_handler_set  softdevice_handler.o
    0x00021d7c   0x00000068   Code   RO         1933    i.state_data_erase_swap_entry_run  pstorage.o
    0x00021de4   0x0000000c   Code   RO         1934    i.state_erase_data_page_entry_run  pstorage.o
    0x00021df0   0x0000002c   Code   RO         1935    i.state_restore_head_entry_run  pstorage.o
    0x00021e1c   0x00000050   Code   RO         1936    i.state_restore_tail_entry_run  pstorage.o
    0x00021e6c   0x0000001e   Code   RO         1937    i.state_swap_erase_entry_run  pstorage.o
    0x00021e8a   0x00000002   PAD
    0x00021e8c   0x00000030   Code   RO         1938    i.state_write_data_swap_entry_run  pstorage.o
    0x00021ebc   0x00000004   Code   RO         1107    i.storage_operation_dummy_handler  device_manager_peripheral.o
    0x00021ec0   0x0000005c   Code   RO         1939    i.store_cmd_flash_write_execute  pstorage.o
    0x00021f1c   0x00000018   Code   RO         1940    i.swap_erase_state_run  pstorage.o
    0x00021f34   0x00000014   Code   RO         1941    i.swap_sub_state_err_busy_process  pstorage.o
    0x00021f48   0x00000014   Code   RO         1942    i.swap_sub_state_state_change  pstorage.o
    0x00021f5c   0x00000012   Code   RO           23    i.sys_evt_dispatch  main.o
    0x00021f6e   0x00000042   Code   RO          908    i.sys_id_encode     ble_dis.o
    0x00021fb0   0x00000014   Code   RO         1943    i.tail_restore_state_run  pstorage.o
    0x00021fc4   0x0000008c   Code   RO         2389    i.timer_list_handler  app_timer.o
    0x00022050   0x0000003c   Code   RO         2390    i.timer_list_insert  app_timer.o
    0x0002208c   0x00000084   Code   RO         2391    i.timer_timeouts_check  app_timer.o
    0x00022110   0x00000024   Code   RO         1728    i.tx_byte           nrf_drv_uart.o
    0x00022134   0x00000024   Code   RO         1729    i.tx_done_event     nrf_drv_uart.o
    0x00022158   0x00000108   Code   RO         1730    i.uart_irq_handler  nrf_drv_uart.o
    0x00022260   0x000000d8   Code   RO         1731    i.uarte_irq_handler  nrf_drv_uart.o
    0x00022338   0x0000000a   Code   RO          527    i.uint16_encode     ble_advdata.o
    0x00022342   0x00000002   PAD
    0x00022344   0x00000014   Code   RO         1108    i.update_status_bit_reset  device_manager_peripheral.o
    0x00022358   0x00000060   Code   RO          747    i.update_timeout_handler  ble_conn_params.o
    0x000223b8   0x0000003e   Code   RO         2392    i.user_id_get       app_timer.o
    0x000223f6   0x00000028   Code   RO         2393    i.user_op_alloc     app_timer.o
    0x0002241e   0x00000030   Code   RO          528    i.uuid_list_encode  ble_advdata.o
    0x0002244e   0x0000009e   Code   RO          529    i.uuid_list_sized_encode  ble_advdata.o
    0x000224ec   0x0000000e   Code   RO          616    i.whitelist_has_entries  ble_advertising.o
    0x000224fa   0x00000002   PAD
    0x000224fc   0x00000008   Data   RO           26    .constdata          main.o
    0x00022504   0x0000003c   Data   RO          365    .constdata          bsp.o
    0x00022540   0x00000004   Data   RO          750    .constdata          ble_conn_params.o
    0x00022544   0x00000010   Data   RO          826    .constdata          ble_dfu.o
    0x00022554   0x00000034   Data   RO         1110    .constdata          device_manager_peripheral.o
    0x00022588   0x00000028   Data   RO         1945    .constdata          pstorage.o
    0x000225b0   0x00000008   Data   RO         2156    .constdata          app_button.o
    0x000225b8   0x00000020   Data   RO         3593    Region$$Table       anon$$obj.o


    Execution Region RW_IRAM1 (Base: 0x20002080, Size: 0x00002b20, Max: 0x0000df80, ABSOLUTE, COMPRESSED[0x0000001c])

    Base Addr    Size         Type   Attr      Idx    E Section Name        Object

    0x20002080   0x00000028   Data   RW           27    .data               main.o
    0x200020a8   0x00000018   Data   RW          366    .data               bsp.o
    0x200020c0   0x00000008   Data   RW          477    .data               bsp_btn_ble.o
    0x200020c8   0x0000001f   Data   RW          618    .data               ble_advertising.o
    0x200020e7   0x00000001   PAD
    0x200020e8   0x00000014   Data   RW          751    .data               ble_conn_params.o
    0x200020fc   0x00000008   Data   RW          827    .data               ble_dfu.o
    0x20002104   0x0000004a   Data   RW          909    .data               ble_dis.o
    0x2000214e   0x00000002   PAD
    0x20002150   0x00000018   Data   RW         1111    .data               device_manager_peripheral.o
    0x20002168   0x00000024   Data   RW         1946    .data               pstorage.o
    0x2000218c   0x00000014   Data   RW         2157    .data               app_button.o
    0x200021a0   0x00000020   Data   RW         2394    .data               app_timer.o
    0x200021c0   0x00000008   Data   RW         2627    .data               dfu_app_handler.o
    0x200021c8   0x00000014   Data   RW         3134    .data               softdevice_handler.o
    0x200021dc   0x00000004   Data   RW         3243    .data               system_nrf52.o
    0x200021e0   0x00000020   Zero   RW           24    .bss                main.o
    0x20002200   0x000002f4   Zero   RW           25    .bss                main.o
    0x200024f4   0x00000020   Zero   RW          361    .bss                bsp.o
    0x20002514   0x00000020   Zero   RW          362    .bss                bsp.o
    0x20002534   0x0000000c   Zero   RW          363    .bss                bsp.o
    0x20002540   0x00000020   Zero   RW          364    .bss                bsp.o
    0x20002560   0x00000103   Zero   RW          617    .bss                ble_advertising.o
    0x20002663   0x00000001   PAD
    0x20002664   0x00000020   Zero   RW          748    .bss                ble_conn_params.o
    0x20002684   0x0000001c   Zero   RW          749    .bss                ble_conn_params.o
    0x200026a0   0x0000014f   Zero   RW         1109    .bss                device_manager_peripheral.o
    0x200027ef   0x00000001   PAD
    0x200027f0   0x00000058   Zero   RW         1530    .bss                nrf_drv_gpiote.o
    0x20002848   0x00000020   Zero   RW         1732    .bss                nrf_drv_uart.o
    0x20002868   0x00000274   Zero   RW         1944    .bss                pstorage.o
    0x20002adc   0x00000020   Zero   RW         2155    .bss                app_button.o
    0x20002afc   0x0000003c   Zero   RW         2626    .bss                dfu_app_handler.o
    0x20002b38   0x00000058   Zero   RW         2702    .bss                fstorage.o
    0x20002b90   0x0000000c   Zero   RW         3133    .bss                softdevice_handler.o
    0x20002b9c   0x00000004   PAD
    0x20002ba0   0x00002000   Zero   RW         3231    STACK               arm_startup_nrf52.o


==============================================================================

Image component sizes


      Code (inc. data)   RO Data    RW Data    ZI Data      Debug   Object Name

       332         34          8         20         32       9926   app_button.o
        22          0          0          0          0       3373   app_error.o
        36         10          0          0          0      27249   app_error_weak.o
      1766         94          0         32          0      54739   app_timer.o
        36          8       1024          0       8192        860   arm_startup_nrf52.o
      1540          0          0          0          0      25500   ble_advdata.o
      1074         46          0         31        259      10069   ble_advertising.o
         0          0          0          0          0       6676   ble_bas.o
       448         58          4         20         60      13231   ble_conn_params.o
      1092         26         16          8          0      13668   ble_dfu.o
       578          8          0         74          0       6027   ble_dis.o
       778          0          0          0          0       8286   ble_hrs.o
        18          0          0          0          0       1188   ble_srv_common.o
        56          2          0          0          0       1088   bootloader_util.o
      1136        108         60         24        108      15925   bsp.o
       260         10          0          8          0       4625   bsp_btn_ble.o
      3808        258         52         24        335      36114   device_manager_peripheral.o
       368         26          0          8         60      36547   dfu_app_handler.o
        20          4          0          0         88       4428   fstorage.o
      1786        246          8         40        788     118128   main.o
       144          0          0          0          0       1559   nrf_delay.o
        56          0          0          0          0      27451   nrf_drv_common.o
      1062         92          0          0         88      23316   nrf_drv_gpiote.o
       684         56          0          0         32      19244   nrf_drv_uart.o
      2770        248         40         36        628      36030   pstorage.o
       454         52          0         20         12      40925   softdevice_handler.o
       620         54          0          4          0       2379   system_nrf52.o

    ----------------------------------------------------------------------
     20988       1440       1244        352      10688     548551   Object Totals
         0          0         32          0          0          0   (incl. Generated)
        44          0          0          3          6          0   (incl. Padding)

    ----------------------------------------------------------------------

      Code (inc. data)   RO Data    RW Data    ZI Data      Debug   Library Member Name

        58          0          0          0          0          0   __dczerorl.o
         0          0          0          0          0          0   entry.o
         0          0          0          0          0          0   entry10a.o
         0          0          0          0          0          0   entry11a.o
         8          4          0          0          0          0   entry2.o
         4          0          0          0          0          0   entry5.o
         0          0          0          0          0          0   entry7b.o
         0          0          0          0          0          0   entry8b.o
         8          4          0          0          0          0   entry9a.o
        30          0          0          0          0          0   handlers.o
        36          8          0          0          0         68   init.o
         0          0          0          0          0          0   iusefp.o
        30          0          0          0          0         68   llshl.o
        36          0          0          0          0         68   llsshr.o
        32          0          0          0          0         68   llushr.o
        26          0          0          0          0         80   memcmp.o
        64          0          0          0          0         76   memmovea.o
        36          0          0          0          0        108   memseta.o
      2244         86          0          0          0        512   printfa.o
        14          0          0          0          0         68   strlen.o
        44          0          0          0          0         80   uidiv.o
        98          0          0          0          0         92   uldiv.o
        48          0          0          0          0         68   cdrcmple.o
       334          0          0          0          0        148   dadd.o
       222          0          0          0          0        100   ddiv.o
       186          0          0          0          0        176   depilogue.o
        48          0          0          0          0         68   dfixul.o
       228          0          0          0          0         96   dmul.o

    ----------------------------------------------------------------------
      3840        102          0          0          0       1944   Library Totals
         6          0          0          0          0          0   (incl. Padding)

    ----------------------------------------------------------------------

      Code (inc. data)   RO Data    RW Data    ZI Data      Debug   Library Name

      2768        102          0          0          0       1288   mc_w.l
      1066          0          0          0          0        656   mf_w.l

    ----------------------------------------------------------------------
      3840        102          0          0          0       1944   Library Totals

    ----------------------------------------------------------------------

==============================================================================


      Code (inc. data)   RO Data    RW Data    ZI Data      Debug   

     24828       1542       1244        352      10688     527891   Grand Totals
     24828       1542       1244         28      10688     527891   ELF Image Totals (compressed)
     24828       1542       1244         28          0          0   ROM Totals

==============================================================================

    Total RO  Size (Code + RO Data)                26072 (  25.46kB)
    Total RW  Size (RW Data + ZI Data)             11040 (  10.78kB)
    Total ROM Size (Code + RO Data + RW Data)      26100 (  25.49kB)

==============================================================================

